<html>
<body>
<pre>
<h1>µVision Build Log</h1>
<h2>Tool Versions:</h2>
IDE-Version: ¦ÌVision V5.16.0.0
Copyright (C) 2015 ARM Ltd and ARM Germany GmbH. All rights reserved.
License Information: ora ang, 123, LIC=DSNMM-XPZW5-IL1CB-2LCCL-EMB3N-M89AR
 
Tool Versions:
Toolchain:       MDK-ARM Professional  Version: 5.16.0.0
Toolchain Path:  F:\install\softwares\Keil_v5\ARM\ARMCC\Bin
C Compiler:      Armcc.exe V5.06 (build 20)
Assembler:       Armasm.exe V5.06 (build 20)
Linker/Locator:  ArmLink.exe V5.06 (build 20)
Library Manager: ArmAr.exe V5.06 (build 20)
Hex Converter:   FromElf.exe V5.06 (build 20)
CPU DLL:         SARMCM3.DLL V5.16.0.0
Dialog DLL:      DCM.DLL V1.13.2.0
Target DLL:      CMSIS_AGDI.dll V1.21.20.0
Dialog DLL:      TCM.DLL V1.14.5.0
 
<h2>Project:</h2>
I:\WIOLink_FRDM_K64_Keil\WIOLink_FRDM_K64_mbed5.7\WIOLink_FRDM_K64.uvprojx
Project File Date:  05/09/2018

<h2>Output:</h2>
*** Using Compiler 'V5.06 (build 20)', folder: 'F:\install\softwares\Keil_v5\ARM\ARMCC\Bin'
Build target 'WIOLink_FRDM_K64'
compiling WIO_VEML6075.cpp...
.\sensor\include\WIO_VEML6075.h(9): warning:  #1-D: last line of file ends without a newline
  #endif
sensor\drivers\WIO_VEML6075.cpp(105): warning:  #1-D: last line of file ends without a newline
  }
sensor\drivers\WIO_VEML6075.cpp: 2 warnings, 0 errors
linking...
C:\Users\pauld\AppData\Local\Temp\p7128-3(125): warning: L6312W: Empty Execution region description for region RW_IRAM1
Program Size: Code=45700 RO-data=7592 RW-data=2532 ZI-data=13684  
Finished: 0 information, 1 warning and 0 error messages.
After Build - User command #1: F:\install\softwares\Keil_v5\ARM\ARMCC\bin\fromelf.exe --bin -o ./BUILD/WIOLink_FRDM_K64.bin ./BUILD/WIOLink_FRDM_K64.axf
".\BUILD\WIOLink_FRDM_K64.axf" - 0 Error(s), 3 Warning(s).

<h2>Collection of Component include folders:</h2>
  I:\WIOLink_FRDM_K64_Keil\WIOLink_FRDM_K64_mbed5.7\RTE
  F:\install\softwares\Keil_v5\ARM\PACK\Keil\Kinetis_K60_DFP\1.4.0\Device\Include

<h2>Collection of Component Files used:</h2>
Build Time Elapsed:  00:00:10
</pre>
</body>
</html>
