<!doctype html public "-//w3c//dtd html 4.0 transitional//en">
<html><head>
<title>Static Call Graph - [.\BUILD\WIOLink_FRDM_K64.axf]</title></head>
<body><HR>
<H1>Static Call Graph for image .\BUILD\WIOLink_FRDM_K64.axf</H1><HR>
<BR><P>#&#060CALLGRAPH&#062# ARM Linker, 5060020: Last Updated: Thu May 10 17:30:28 2018
<BR><P>
<H3>Maximum Stack Usage =        584 bytes + Unknown(Cycles, Untraceable Function Pointers)</H3><H3>
Call chain for Maximum Stack Depth:</H3>
__sti___9_main1_cpp_pc &rArr; mbed::Serial::Serial(PinName, PinName, const char*, int) &rArr; mbed::Stream::Stream__sub_object(const char*) &rArr; error &rArr; mbed_error_vfprintf &rArr; serial_init &rArr; CLOCK_GetFreq &rArr; CLOCK_GetFixedFreqClkFreq &rArr; CLOCK_GetOutClkFreq &rArr; CLOCK_GetFllFreq &rArr; CLOCK_GetFllRefClkFreq &rArr; CLOCK_GetFllExtRefClkFreq &rArr; CLOCK_GetMcgExtClkFreq &rArr; __aeabi_assert &rArr; __assert_puts &rArr; fflush &rArr; _do_fflush &rArr; _fflush &rArr; _writebuf &rArr; _sys_write &rArr; init_serial() &rArr;  serial_init (Cycle)
<P>
<H3>
Mutually Recursive functions
</H3> <LI><a href="#[1fc]">core_util_critical_section_enter</a>&nbsp;&nbsp;&nbsp;&rArr;&nbsp;&nbsp;&nbsp;<a href="#[20c]">mbed_assert_internal</a><BR>
 <LI><a href="#[1ff]">sleep_manager_unlock_deep_sleep</a>&nbsp;&nbsp;&nbsp;&rArr;&nbsp;&nbsp;&nbsp;<a href="#[22d]">error</a><BR>
 <LI><a href="#[262]">core_util_atomic_decr_u16</a>&nbsp;&nbsp;&nbsp;&rArr;&nbsp;&nbsp;&nbsp;<a href="#[200]">core_util_critical_section_exit</a><BR>
 <LI><a href="#[1fd]">sleep_manager_lock_deep_sleep</a>&nbsp;&nbsp;&nbsp;&rArr;&nbsp;&nbsp;&nbsp;<a href="#[22d]">error</a><BR>
 <LI><a href="#[263]">core_util_atomic_incr_u16</a>&nbsp;&nbsp;&nbsp;&rArr;&nbsp;&nbsp;&nbsp;<a href="#[200]">core_util_critical_section_exit</a><BR>
 <LI><a href="#[310]">ticker_read_us</a>&nbsp;&nbsp;&nbsp;&rArr;&nbsp;&nbsp;&nbsp;<a href="#[200]">core_util_critical_section_exit</a><BR>
 <LI><a href="#[277]">initialize</a>&nbsp;&nbsp;&nbsp;&rArr;&nbsp;&nbsp;&nbsp;<a href="#[20c]">mbed_assert_internal</a><BR>
 <LI><a href="#[208]">gpio_write</a>&nbsp;&nbsp;&nbsp;&rArr;&nbsp;&nbsp;&nbsp;<a href="#[20c]">mbed_assert_internal</a><BR>
 <LI><a href="#[256]">gpio_dir</a>&nbsp;&nbsp;&nbsp;&rArr;&nbsp;&nbsp;&nbsp;<a href="#[20c]">mbed_assert_internal</a><BR>
 <LI><a href="#[26e]">pin_mode</a>&nbsp;&nbsp;&nbsp;&rArr;&nbsp;&nbsp;&nbsp;<a href="#[20c]">mbed_assert_internal</a><BR>
 <LI><a href="#[26b]">pin_function</a>&nbsp;&nbsp;&nbsp;&rArr;&nbsp;&nbsp;&nbsp;<a href="#[20c]">mbed_assert_internal</a><BR>
 <LI><a href="#[28b]">mbed_error_printf</a>&nbsp;&nbsp;&nbsp;&rArr;&nbsp;&nbsp;&nbsp;<a href="#[267]">mbed_error_vfprintf</a><BR>
 <LI><a href="#[25f]">pinmap_pinout</a>&nbsp;&nbsp;&nbsp;&rArr;&nbsp;&nbsp;&nbsp;<a href="#[22d]">error</a><BR>
 <LI><a href="#[25d]">pinmap_peripheral</a>&nbsp;&nbsp;&nbsp;&rArr;&nbsp;&nbsp;&nbsp;<a href="#[22d]">error</a><BR>
 <LI><a href="#[1ee]">init_serial()</a>&nbsp;&nbsp;&nbsp;&rArr;&nbsp;&nbsp;&nbsp;<a href="#[1ef]">serial_init</a><BR>
 <LI><a href="#[1f0]">serial_baud</a>&nbsp;&nbsp;&nbsp;&rArr;&nbsp;&nbsp;&nbsp;<a href="#[1b0]">CLOCK_GetFreq</a><BR>
 <LI><a href="#[1ed]">UART_SetBaudRate</a>&nbsp;&nbsp;&nbsp;&rArr;&nbsp;&nbsp;&nbsp;<a href="#[164]">__aeabi_assert</a><BR>
 <LI><a href="#[252]">osRtxErrorNotify</a>&nbsp;&nbsp;&nbsp;&rArr;&nbsp;&nbsp;&nbsp;<a href="#[22d]">error</a><BR>
 <LI><a href="#[274]">pinmap_merge</a>&nbsp;&nbsp;&nbsp;&rArr;&nbsp;&nbsp;&nbsp;<a href="#[22d]">error</a><BR>
 <LI><a href="#[12]">HardFault_Handler</a>&nbsp;&nbsp;&nbsp;&rArr;&nbsp;&nbsp;&nbsp;<a href="#[12]">HardFault_Handler</a><BR>
 <LI><a href="#[13]">MemManage_Handler</a>&nbsp;&nbsp;&nbsp;&rArr;&nbsp;&nbsp;&nbsp;<a href="#[13]">MemManage_Handler</a><BR>
 <LI><a href="#[14]">BusFault_Handler</a>&nbsp;&nbsp;&nbsp;&rArr;&nbsp;&nbsp;&nbsp;<a href="#[14]">BusFault_Handler</a><BR>
 <LI><a href="#[15]">UsageFault_Handler</a>&nbsp;&nbsp;&nbsp;&rArr;&nbsp;&nbsp;&nbsp;<a href="#[15]">UsageFault_Handler</a><BR>
 <LI><a href="#[17]">DebugMon_Handler</a>&nbsp;&nbsp;&nbsp;&rArr;&nbsp;&nbsp;&nbsp;<a href="#[17]">DebugMon_Handler</a><BR>
 <LI><a href="#[133]">__asm___13_rtx_mempool_c_7914b4c7__atomic_link_put</a>&nbsp;&nbsp;&nbsp;&rArr;&nbsp;&nbsp;&nbsp;<a href="#[133]">__asm___13_rtx_mempool_c_7914b4c7__atomic_link_put</a><BR>
</UL>
<P>
<H3>
Function Pointers
</H3><UL>
 <LI><a href="#[a3]">&lang;Func4&rang;</a> from .\build\serialbase.o(i.<Func4>) referenced from .\build\serialbase.o(i._ZN4mbed10SerialBaseC1E7PinNameS1_i)
 <LI><a href="#[41]">ADC0_IRQHandler</a> from .\build\startup_mk64f12.o(.text) referenced from .\build\startup_mk64f12.o(RESET)
 <LI><a href="#[63]">ADC1_IRQHandler</a> from .\build\startup_mk64f12.o(.text) referenced from .\build\startup_mk64f12.o(RESET)
 <LI><a href="#[14]">BusFault_Handler</a> from .\build\startup_mk64f12.o(.text) referenced from .\build\startup_mk64f12.o(RESET)
 <LI><a href="#[66]">CAN0_Bus_Off_IRQHandler</a> from .\build\startup_mk64f12.o(.text) referenced from .\build\startup_mk64f12.o(RESET)
 <LI><a href="#[99]">CAN0_DriverIRQHandler</a> from .\build\fsl_flexcan.o(i.CAN0_DriverIRQHandler) referenced from .\build\startup_mk64f12.o(.text)
 <LI><a href="#[67]">CAN0_Error_IRQHandler</a> from .\build\startup_mk64f12.o(.text) referenced from .\build\startup_mk64f12.o(RESET)
 <LI><a href="#[65]">CAN0_ORed_Message_buffer_IRQHandler</a> from .\build\startup_mk64f12.o(.text) referenced from .\build\startup_mk64f12.o(RESET)
 <LI><a href="#[69]">CAN0_Rx_Warning_IRQHandler</a> from .\build\startup_mk64f12.o(.text) referenced from .\build\startup_mk64f12.o(RESET)
 <LI><a href="#[68]">CAN0_Tx_Warning_IRQHandler</a> from .\build\startup_mk64f12.o(.text) referenced from .\build\startup_mk64f12.o(RESET)
 <LI><a href="#[6a]">CAN0_Wake_Up_IRQHandler</a> from .\build\startup_mk64f12.o(.text) referenced from .\build\startup_mk64f12.o(RESET)
 <LI><a href="#[42]">CMP0_IRQHandler</a> from .\build\startup_mk64f12.o(.text) referenced from .\build\startup_mk64f12.o(RESET)
 <LI><a href="#[43]">CMP1_IRQHandler</a> from .\build\startup_mk64f12.o(.text) referenced from .\build\startup_mk64f12.o(RESET)
 <LI><a href="#[60]">CMP2_IRQHandler</a> from .\build\startup_mk64f12.o(.text) referenced from .\build\startup_mk64f12.o(RESET)
 <LI><a href="#[47]">CMT_IRQHandler</a> from .\build\startup_mk64f12.o(.text) referenced from .\build\startup_mk64f12.o(RESET)
 <LI><a href="#[52]">DAC0_IRQHandler</a> from .\build\startup_mk64f12.o(.text) referenced from .\build\startup_mk64f12.o(RESET)
 <LI><a href="#[62]">DAC1_IRQHandler</a> from .\build\startup_mk64f12.o(.text) referenced from .\build\startup_mk64f12.o(RESET)
 <LI><a href="#[73]">DMA0_DriverIRQHandler</a> from .\build\fsl_edma.o(i.DMA0_DriverIRQHandler) referenced from .\build\startup_mk64f12.o(.text)
 <LI><a href="#[1a]">DMA0_IRQHandler</a> from .\build\startup_mk64f12.o(.text) referenced from .\build\startup_mk64f12.o(RESET)
 <LI><a href="#[7d]">DMA10_DriverIRQHandler</a> from .\build\fsl_edma.o(i.DMA10_DriverIRQHandler) referenced from .\build\startup_mk64f12.o(.text)
 <LI><a href="#[24]">DMA10_IRQHandler</a> from .\build\startup_mk64f12.o(.text) referenced from .\build\startup_mk64f12.o(RESET)
 <LI><a href="#[7e]">DMA11_DriverIRQHandler</a> from .\build\fsl_edma.o(i.DMA11_DriverIRQHandler) referenced from .\build\startup_mk64f12.o(.text)
 <LI><a href="#[25]">DMA11_IRQHandler</a> from .\build\startup_mk64f12.o(.text) referenced from .\build\startup_mk64f12.o(RESET)
 <LI><a href="#[7f]">DMA12_DriverIRQHandler</a> from .\build\fsl_edma.o(i.DMA12_DriverIRQHandler) referenced from .\build\startup_mk64f12.o(.text)
 <LI><a href="#[26]">DMA12_IRQHandler</a> from .\build\startup_mk64f12.o(.text) referenced from .\build\startup_mk64f12.o(RESET)
 <LI><a href="#[80]">DMA13_DriverIRQHandler</a> from .\build\fsl_edma.o(i.DMA13_DriverIRQHandler) referenced from .\build\startup_mk64f12.o(.text)
 <LI><a href="#[27]">DMA13_IRQHandler</a> from .\build\startup_mk64f12.o(.text) referenced from .\build\startup_mk64f12.o(RESET)
 <LI><a href="#[81]">DMA14_DriverIRQHandler</a> from .\build\fsl_edma.o(i.DMA14_DriverIRQHandler) referenced from .\build\startup_mk64f12.o(.text)
 <LI><a href="#[28]">DMA14_IRQHandler</a> from .\build\startup_mk64f12.o(.text) referenced from .\build\startup_mk64f12.o(RESET)
 <LI><a href="#[82]">DMA15_DriverIRQHandler</a> from .\build\fsl_edma.o(i.DMA15_DriverIRQHandler) referenced from .\build\startup_mk64f12.o(.text)
 <LI><a href="#[29]">DMA15_IRQHandler</a> from .\build\startup_mk64f12.o(.text) referenced from .\build\startup_mk64f12.o(RESET)
 <LI><a href="#[74]">DMA1_DriverIRQHandler</a> from .\build\fsl_edma.o(i.DMA1_DriverIRQHandler) referenced from .\build\startup_mk64f12.o(.text)
 <LI><a href="#[1b]">DMA1_IRQHandler</a> from .\build\startup_mk64f12.o(.text) referenced from .\build\startup_mk64f12.o(RESET)
 <LI><a href="#[75]">DMA2_DriverIRQHandler</a> from .\build\fsl_edma.o(i.DMA2_DriverIRQHandler) referenced from .\build\startup_mk64f12.o(.text)
 <LI><a href="#[1c]">DMA2_IRQHandler</a> from .\build\startup_mk64f12.o(.text) referenced from .\build\startup_mk64f12.o(RESET)
 <LI><a href="#[76]">DMA3_DriverIRQHandler</a> from .\build\fsl_edma.o(i.DMA3_DriverIRQHandler) referenced from .\build\startup_mk64f12.o(.text)
 <LI><a href="#[1d]">DMA3_IRQHandler</a> from .\build\startup_mk64f12.o(.text) referenced from .\build\startup_mk64f12.o(RESET)
 <LI><a href="#[77]">DMA4_DriverIRQHandler</a> from .\build\fsl_edma.o(i.DMA4_DriverIRQHandler) referenced from .\build\startup_mk64f12.o(.text)
 <LI><a href="#[1e]">DMA4_IRQHandler</a> from .\build\startup_mk64f12.o(.text) referenced from .\build\startup_mk64f12.o(RESET)
 <LI><a href="#[78]">DMA5_DriverIRQHandler</a> from .\build\fsl_edma.o(i.DMA5_DriverIRQHandler) referenced from .\build\startup_mk64f12.o(.text)
 <LI><a href="#[1f]">DMA5_IRQHandler</a> from .\build\startup_mk64f12.o(.text) referenced from .\build\startup_mk64f12.o(RESET)
 <LI><a href="#[79]">DMA6_DriverIRQHandler</a> from .\build\fsl_edma.o(i.DMA6_DriverIRQHandler) referenced from .\build\startup_mk64f12.o(.text)
 <LI><a href="#[20]">DMA6_IRQHandler</a> from .\build\startup_mk64f12.o(.text) referenced from .\build\startup_mk64f12.o(RESET)
 <LI><a href="#[7a]">DMA7_DriverIRQHandler</a> from .\build\fsl_edma.o(i.DMA7_DriverIRQHandler) referenced from .\build\startup_mk64f12.o(.text)
 <LI><a href="#[21]">DMA7_IRQHandler</a> from .\build\startup_mk64f12.o(.text) referenced from .\build\startup_mk64f12.o(RESET)
 <LI><a href="#[7b]">DMA8_DriverIRQHandler</a> from .\build\fsl_edma.o(i.DMA8_DriverIRQHandler) referenced from .\build\startup_mk64f12.o(.text)
 <LI><a href="#[22]">DMA8_IRQHandler</a> from .\build\startup_mk64f12.o(.text) referenced from .\build\startup_mk64f12.o(RESET)
 <LI><a href="#[7c]">DMA9_DriverIRQHandler</a> from .\build\fsl_edma.o(i.DMA9_DriverIRQHandler) referenced from .\build\startup_mk64f12.o(.text)
 <LI><a href="#[23]">DMA9_IRQHandler</a> from .\build\startup_mk64f12.o(.text) referenced from .\build\startup_mk64f12.o(RESET)
 <LI><a href="#[83]">DMA_Error_DriverIRQHandler</a> from .\build\startup_mk64f12.o(.text) referenced from .\build\startup_mk64f12.o(.text)
 <LI><a href="#[2a]">DMA_Error_IRQHandler</a> from .\build\startup_mk64f12.o(.text) referenced from .\build\startup_mk64f12.o(RESET)
 <LI><a href="#[17]">DebugMon_Handler</a> from .\build\startup_mk64f12.o(.text) referenced from .\build\startup_mk64f12.o(RESET)
 <LI><a href="#[70]">DefaultISR</a> from .\build\startup_mk64f12.o(.text) referenced 153 times from .\build\startup_mk64f12.o(RESET)
 <LI><a href="#[9b]">ENET_1588_Timer_DriverIRQHandler</a> from .\build\startup_mk64f12.o(.text) referenced from .\build\startup_mk64f12.o(.text)
 <LI><a href="#[6c]">ENET_1588_Timer_IRQHandler</a> from .\build\startup_mk64f12.o(.text) referenced from .\build\startup_mk64f12.o(RESET)
 <LI><a href="#[9e]">ENET_Error_DriverIRQHandler</a> from .\build\startup_mk64f12.o(.text) referenced from .\build\startup_mk64f12.o(.text)
 <LI><a href="#[6f]">ENET_Error_IRQHandler</a> from .\build\fsl_enet.o(i.ENET_Error_IRQHandler) referenced from .\build\startup_mk64f12.o(RESET)
 <LI><a href="#[9d]">ENET_Receive_DriverIRQHandler</a> from .\build\startup_mk64f12.o(.text) referenced from .\build\startup_mk64f12.o(.text)
 <LI><a href="#[6e]">ENET_Receive_IRQHandler</a> from .\build\fsl_enet.o(i.ENET_Receive_IRQHandler) referenced from .\build\startup_mk64f12.o(RESET)
 <LI><a href="#[9c]">ENET_Transmit_DriverIRQHandler</a> from .\build\startup_mk64f12.o(.text) referenced from .\build\startup_mk64f12.o(.text)
 <LI><a href="#[6d]">ENET_Transmit_IRQHandler</a> from .\build\fsl_enet.o(i.ENET_Transmit_IRQHandler) referenced from .\build\startup_mk64f12.o(RESET)
 <LI><a href="#[2c]">FTFE_IRQHandler</a> from .\build\startup_mk64f12.o(.text) referenced from .\build\startup_mk64f12.o(RESET)
 <LI><a href="#[44]">FTM0_IRQHandler</a> from .\build\startup_mk64f12.o(.text) referenced from .\build\startup_mk64f12.o(RESET)
 <LI><a href="#[45]">FTM1_IRQHandler</a> from .\build\startup_mk64f12.o(.text) referenced from .\build\startup_mk64f12.o(RESET)
 <LI><a href="#[46]">FTM2_IRQHandler</a> from .\build\startup_mk64f12.o(.text) referenced from .\build\startup_mk64f12.o(RESET)
 <LI><a href="#[61]">FTM3_IRQHandler</a> from .\build\startup_mk64f12.o(.text) referenced from .\build\startup_mk64f12.o(RESET)
 <LI><a href="#[12]">HardFault_Handler</a> from .\build\startup_mk64f12.o(.text) referenced from .\build\startup_mk64f12.o(RESET)
 <LI><a href="#[84]">I2C0_DriverIRQHandler</a> from .\build\fsl_i2c.o(i.I2C0_DriverIRQHandler) referenced from .\build\startup_mk64f12.o(.text)
 <LI><a href="#[32]">I2C0_IRQHandler</a> from .\build\startup_mk64f12.o(.text) referenced from .\build\startup_mk64f12.o(RESET)
 <LI><a href="#[85]">I2C1_DriverIRQHandler</a> from .\build\fsl_i2c.o(i.I2C1_DriverIRQHandler) referenced from .\build\startup_mk64f12.o(.text)
 <LI><a href="#[33]">I2C1_IRQHandler</a> from .\build\startup_mk64f12.o(.text) referenced from .\build\startup_mk64f12.o(RESET)
 <LI><a href="#[98]">I2C2_DriverIRQHandler</a> from .\build\fsl_i2c.o(i.I2C2_DriverIRQHandler) referenced from .\build\startup_mk64f12.o(.text)
 <LI><a href="#[64]">I2C2_IRQHandler</a> from .\build\startup_mk64f12.o(.text) referenced from .\build\startup_mk64f12.o(RESET)
 <LI><a href="#[89]">I2S0_Rx_DriverIRQHandler</a> from .\build\fsl_sai.o(i.I2S0_Rx_DriverIRQHandler) referenced from .\build\startup_mk64f12.o(.text)
 <LI><a href="#[37]">I2S0_Rx_IRQHandler</a> from .\build\startup_mk64f12.o(.text) referenced from .\build\startup_mk64f12.o(RESET)
 <LI><a href="#[88]">I2S0_Tx_DriverIRQHandler</a> from .\build\fsl_sai.o(i.I2S0_Tx_DriverIRQHandler) referenced from .\build\startup_mk64f12.o(.text)
 <LI><a href="#[36]">I2S0_Tx_IRQHandler</a> from .\build\startup_mk64f12.o(.text) referenced from .\build\startup_mk64f12.o(RESET)
 <LI><a href="#[2f]">LLWU_IRQHandler</a> from .\build\startup_mk64f12.o(.text) referenced from .\build\startup_mk64f12.o(RESET)
 <LI><a href="#[54]">LPTMR0_IRQHandler</a> from .\build\startup_mk64f12.o(.text) referenced from .\build\startup_mk64f12.o(RESET)
 <LI><a href="#[2e]">LVD_LVW_IRQHandler</a> from .\build\startup_mk64f12.o(.text) referenced from .\build\startup_mk64f12.o(RESET)
 <LI><a href="#[53]">MCG_IRQHandler</a> from .\build\startup_mk64f12.o(.text) referenced from .\build\startup_mk64f12.o(RESET)
 <LI><a href="#[2b]">MCM_IRQHandler</a> from .\build\startup_mk64f12.o(.text) referenced from .\build\startup_mk64f12.o(RESET)
 <LI><a href="#[13]">MemManage_Handler</a> from .\build\startup_mk64f12.o(.text) referenced from .\build\startup_mk64f12.o(RESET)
 <LI><a href="#[11]">NMI_Handler</a> from .\build\mbed_overrides.o(i.NMI_Handler) referenced from .\build\startup_mk64f12.o(RESET)
 <LI><a href="#[4e]">PDB0_IRQHandler</a> from .\build\startup_mk64f12.o(.text) referenced from .\build\startup_mk64f12.o(RESET)
 <LI><a href="#[4a]">PIT0_IRQHandler</a> from .\build\startup_mk64f12.o(.text) referenced from .\build\startup_mk64f12.o(RESET)
 <LI><a href="#[4b]">PIT1_IRQHandler</a> from .\build\startup_mk64f12.o(.text) referenced from .\build\startup_mk64f12.o(RESET)
 <LI><a href="#[4c]">PIT2_IRQHandler</a> from .\build\startup_mk64f12.o(.text) referenced from .\build\startup_mk64f12.o(RESET)
 <LI><a href="#[4d]">PIT3_IRQHandler</a> from .\build\startup_mk64f12.o(.text) referenced from .\build\startup_mk64f12.o(RESET)
 <LI><a href="#[55]">PORTA_IRQHandler</a> from .\build\startup_mk64f12.o(.text) referenced from .\build\startup_mk64f12.o(RESET)
 <LI><a href="#[56]">PORTB_IRQHandler</a> from .\build\startup_mk64f12.o(.text) referenced from .\build\startup_mk64f12.o(RESET)
 <LI><a href="#[57]">PORTC_IRQHandler</a> from .\build\startup_mk64f12.o(.text) referenced from .\build\startup_mk64f12.o(RESET)
 <LI><a href="#[58]">PORTD_IRQHandler</a> from .\build\startup_mk64f12.o(.text) referenced from .\build\startup_mk64f12.o(RESET)
 <LI><a href="#[59]">PORTE_IRQHandler</a> from .\build\startup_mk64f12.o(.text) referenced from .\build\startup_mk64f12.o(RESET)
 <LI><a href="#[18]">PendSV_Handler</a> from .\build\irq_cm4f.o(.text) referenced from .\build\startup_mk64f12.o(RESET)
 <LI><a href="#[31]">RNG_IRQHandler</a> from .\build\startup_mk64f12.o(.text) referenced from .\build\startup_mk64f12.o(RESET)
 <LI><a href="#[48]">RTC_IRQHandler</a> from .\build\startup_mk64f12.o(.text) referenced from .\build\startup_mk64f12.o(RESET)
 <LI><a href="#[49]">RTC_Seconds_IRQHandler</a> from .\build\startup_mk64f12.o(.text) referenced from .\build\startup_mk64f12.o(RESET)
 <LI><a href="#[2d]">Read_Collision_IRQHandler</a> from .\build\startup_mk64f12.o(.text) referenced from .\build\startup_mk64f12.o(RESET)
 <LI><a href="#[51]">Reserved71_IRQHandler</a> from .\build\startup_mk64f12.o(.text) referenced from .\build\startup_mk64f12.o(RESET)
 <LI><a href="#[10]">Reset_Handler</a> from .\build\startup_mk64f12.o(.text) referenced from .\build\startup_mk64f12.o(RESET)
 <LI><a href="#[9a]">SDHC_DriverIRQHandler</a> from .\build\fsl_sdhc.o(i.SDHC_DriverIRQHandler) referenced from .\build\startup_mk64f12.o(.text)
 <LI><a href="#[6b]">SDHC_IRQHandler</a> from .\build\startup_mk64f12.o(.text) referenced from .\build\startup_mk64f12.o(RESET)
 <LI><a href="#[86]">SPI0_DriverIRQHandler</a> from .\build\fsl_dspi.o(i.SPI0_DriverIRQHandler) referenced from .\build\startup_mk64f12.o(.text)
 <LI><a href="#[34]">SPI0_IRQHandler</a> from .\build\startup_mk64f12.o(.text) referenced from .\build\startup_mk64f12.o(RESET)
 <LI><a href="#[87]">SPI1_DriverIRQHandler</a> from .\build\fsl_dspi.o(i.SPI1_DriverIRQHandler) referenced from .\build\startup_mk64f12.o(.text)
 <LI><a href="#[35]">SPI1_IRQHandler</a> from .\build\startup_mk64f12.o(.text) referenced from .\build\startup_mk64f12.o(RESET)
 <LI><a href="#[93]">SPI2_DriverIRQHandler</a> from .\build\fsl_dspi.o(i.SPI2_DriverIRQHandler) referenced from .\build\startup_mk64f12.o(.text)
 <LI><a href="#[5b]">SPI2_IRQHandler</a> from .\build\startup_mk64f12.o(.text) referenced from .\build\startup_mk64f12.o(RESET)
 <LI><a href="#[16]">SVC_Handler</a> from .\build\irq_cm4f.o(.text) referenced from .\build\startup_mk64f12.o(RESET)
 <LI><a href="#[5a]">SWI_IRQHandler</a> from .\build\startup_mk64f12.o(.text) referenced from .\build\startup_mk64f12.o(RESET)
 <LI><a href="#[19]">SysTick_Handler</a> from .\build\irq_cm4f.o(.text) referenced from .\build\startup_mk64f12.o(RESET)
 <LI><a href="#[19]">SysTick_Handler</a> from .\build\irq_cm4f.o(.text) referenced from .\build\rtx_kernel.o(i.svcRtxKernelStart)
 <LI><a href="#[71]">SystemInit</a> from .\build\system_mk64f12.o(i.SystemInit) referenced from .\build\startup_mk64f12.o(.text)
 <LI><a href="#[8c]">UART0_ERR_DriverIRQHandler</a> from .\build\startup_mk64f12.o(.text) referenced from .\build\startup_mk64f12.o(.text)
 <LI><a href="#[3a]">UART0_ERR_IRQHandler</a> from .\build\startup_mk64f12.o(.text) referenced from .\build\startup_mk64f12.o(RESET)
 <LI><a href="#[8a]">UART0_LON_DriverIRQHandler</a> from .\build\startup_mk64f12.o(.text) referenced from .\build\startup_mk64f12.o(.text)
 <LI><a href="#[38]">UART0_LON_IRQHandler</a> from .\build\startup_mk64f12.o(.text) referenced from .\build\startup_mk64f12.o(RESET)
 <LI><a href="#[8b]">UART0_RX_TX_DriverIRQHandler</a> from .\build\fsl_uart.o(i.UART0_RX_TX_DriverIRQHandler) referenced from .\build\startup_mk64f12.o(.text)
 <LI><a href="#[39]">UART0_RX_TX_IRQHandler</a> from .\build\startup_mk64f12.o(.text) referenced from .\build\startup_mk64f12.o(RESET)
 <LI><a href="#[8e]">UART1_ERR_DriverIRQHandler</a> from .\build\startup_mk64f12.o(.text) referenced from .\build\startup_mk64f12.o(.text)
 <LI><a href="#[3c]">UART1_ERR_IRQHandler</a> from .\build\startup_mk64f12.o(.text) referenced from .\build\startup_mk64f12.o(RESET)
 <LI><a href="#[8d]">UART1_RX_TX_DriverIRQHandler</a> from .\build\fsl_uart.o(i.UART1_RX_TX_DriverIRQHandler) referenced from .\build\startup_mk64f12.o(.text)
 <LI><a href="#[3b]">UART1_RX_TX_IRQHandler</a> from .\build\startup_mk64f12.o(.text) referenced from .\build\startup_mk64f12.o(RESET)
 <LI><a href="#[90]">UART2_ERR_DriverIRQHandler</a> from .\build\startup_mk64f12.o(.text) referenced from .\build\startup_mk64f12.o(.text)
 <LI><a href="#[3e]">UART2_ERR_IRQHandler</a> from .\build\startup_mk64f12.o(.text) referenced from .\build\startup_mk64f12.o(RESET)
 <LI><a href="#[8f]">UART2_RX_TX_DriverIRQHandler</a> from .\build\fsl_uart.o(i.UART2_RX_TX_DriverIRQHandler) referenced from .\build\startup_mk64f12.o(.text)
 <LI><a href="#[3d]">UART2_RX_TX_IRQHandler</a> from .\build\startup_mk64f12.o(.text) referenced from .\build\startup_mk64f12.o(RESET)
 <LI><a href="#[92]">UART3_ERR_DriverIRQHandler</a> from .\build\startup_mk64f12.o(.text) referenced from .\build\startup_mk64f12.o(.text)
 <LI><a href="#[40]">UART3_ERR_IRQHandler</a> from .\build\startup_mk64f12.o(.text) referenced from .\build\startup_mk64f12.o(RESET)
 <LI><a href="#[91]">UART3_RX_TX_DriverIRQHandler</a> from .\build\fsl_uart.o(i.UART3_RX_TX_DriverIRQHandler) referenced from .\build\startup_mk64f12.o(.text)
 <LI><a href="#[3f]">UART3_RX_TX_IRQHandler</a> from .\build\startup_mk64f12.o(.text) referenced from .\build\startup_mk64f12.o(RESET)
 <LI><a href="#[95]">UART4_ERR_DriverIRQHandler</a> from .\build\startup_mk64f12.o(.text) referenced from .\build\startup_mk64f12.o(.text)
 <LI><a href="#[5d]">UART4_ERR_IRQHandler</a> from .\build\startup_mk64f12.o(.text) referenced from .\build\startup_mk64f12.o(RESET)
 <LI><a href="#[94]">UART4_RX_TX_DriverIRQHandler</a> from .\build\fsl_uart.o(i.UART4_RX_TX_DriverIRQHandler) referenced from .\build\startup_mk64f12.o(.text)
 <LI><a href="#[5c]">UART4_RX_TX_IRQHandler</a> from .\build\startup_mk64f12.o(.text) referenced from .\build\startup_mk64f12.o(RESET)
 <LI><a href="#[97]">UART5_ERR_DriverIRQHandler</a> from .\build\startup_mk64f12.o(.text) referenced from .\build\startup_mk64f12.o(.text)
 <LI><a href="#[5f]">UART5_ERR_IRQHandler</a> from .\build\startup_mk64f12.o(.text) referenced from .\build\startup_mk64f12.o(RESET)
 <LI><a href="#[96]">UART5_RX_TX_DriverIRQHandler</a> from .\build\fsl_uart.o(i.UART5_RX_TX_DriverIRQHandler) referenced from .\build\startup_mk64f12.o(.text)
 <LI><a href="#[5e]">UART5_RX_TX_IRQHandler</a> from .\build\startup_mk64f12.o(.text) referenced from .\build\startup_mk64f12.o(RESET)
 <LI><a href="#[4f]">USB0_IRQHandler</a> from .\build\startup_mk64f12.o(.text) referenced from .\build\startup_mk64f12.o(RESET)
 <LI><a href="#[50]">USBDCD_IRQHandler</a> from .\build\startup_mk64f12.o(.text) referenced from .\build\startup_mk64f12.o(RESET)
 <LI><a href="#[15]">UsageFault_Handler</a> from .\build\startup_mk64f12.o(.text) referenced from .\build\startup_mk64f12.o(RESET)
 <LI><a href="#[30]">WDOG_EWM_IRQHandler</a> from .\build\startup_mk64f12.o(.text) referenced from .\build\startup_mk64f12.o(RESET)
 <LI><a href="#[e]">default_idle_hook()</a> from .\build\mbed_rtx_idle.o(i._Z17default_idle_hookv) referenced 2 times from .\build\mbed_rtx_idle.o(.data)
 <LI><a href="#[a6]">StorageVolume::StorageVolume()</a> from .\build\cfstore_svm.o(i._ZN13StorageVolumeC1Ev) referenced from .\build\cfstore_svm.o(i.__sti___15_cfstore_svm_cpp_98df57f6)
 <LI><a href="#[aa]">EthernetInterface::~EthernetInterface()</a> from .\build\main1.o(i._ZN17EthernetInterfaceD1Ev) referenced from .\build\ethernetinterface.o(.constdata__ZTV17EthernetInterface)
 <LI><a href="#[aa]">EthernetInterface::~EthernetInterface()</a> from .\build\main1.o(i._ZN17EthernetInterfaceD1Ev) referenced from .\build\main1.o(i.__sti___9_main1_cpp_pc)
 <LI><a href="#[a7]">StorageVolumeManager::~StorageVolumeManager()</a> from .\build\cfstore_svm.o(i._ZN20StorageVolumeManagerD1Ev) referenced from .\build\cfstore_svm.o(i.__sti___15_cfstore_svm_cpp_98df57f6)
 <LI><a href="#[dd]">mbed::FileHandle::size()</a> from .\build\filehandle.o(i._ZN4mbed10FileHandle4sizeEv) referenced from .\build\filehandle.o(.constdata__ZTVN4mbed10FileHandleE)
 <LI><a href="#[dd]">mbed::FileHandle::size()</a> from .\build\filehandle.o(i._ZN4mbed10FileHandle4sizeEv) referenced from .\build\stream.o(.constdata__ZTVN4mbed8FileLikeE)
 <LI><a href="#[dc]">mbed::FileHandle::isatty()</a> from .\build\filehandle.o(i._ZN4mbed10FileHandle6isattyEv) referenced from .\build\filehandle.o(.constdata__ZTVN4mbed10FileHandleE)
 <LI><a href="#[dc]">mbed::FileHandle::isatty()</a> from .\build\filehandle.o(i._ZN4mbed10FileHandle6isattyEv) referenced from .\build\stream.o(.constdata__ZTVN4mbed8FileLikeE)
 <LI><a href="#[a4]">mbed::SerialBase::_irq_handler(unsigned, SerialIrq)</a> from .\build\serialbase.o(i._ZN4mbed10SerialBase12_irq_handlerEj9SerialIrq) referenced from .\build\serialbase.o(i._ZN4mbed10SerialBaseC1E7PinNameS1_i)
 <LI><a href="#[d8]">mbed::SerialBase::interrupt_handler_asynch()</a> from .\build\serialbase.o(i._ZN4mbed10SerialBase24interrupt_handler_asynchEv) referenced from .\build\serialbase.o(.constdata)
 <LI><a href="#[de]">mbed::SerialBase::lock()</a> from .\build\serialbase.o(i._ZN4mbed10SerialBase4lockEv) referenced from .\build\serialbase.o(.constdata__ZTVN4mbed10SerialBaseE)
 <LI><a href="#[df]">mbed::SerialBase::unlock()</a> from .\build\serialbase.o(i._ZN4mbed10SerialBase6unlockEv) referenced from .\build\serialbase.o(.constdata__ZTVN4mbed10SerialBaseE)
 <LI><a href="#[e0]">mbed::SerialBase::~SerialBase()</a> from .\build\serialbase.o(i._ZN4mbed10SerialBaseD1Ev) referenced from .\build\serialbase.o(.constdata__ZTVN4mbed10SerialBaseE)
 <LI><a href="#[e1]">mbed::I2C::lock()</a> from .\build\i2c.o(i._ZN4mbed3I2C4lockEv) referenced from .\build\i2c.o(.constdata__ZTVN4mbed3I2CE)
 <LI><a href="#[e2]">mbed::I2C::unlock()</a> from .\build\i2c.o(i._ZN4mbed3I2C6unlockEv) referenced from .\build\i2c.o(.constdata__ZTVN4mbed3I2CE)
 <LI><a href="#[a9]">mbed::I2C::~I2C()</a> from .\build\main1.o(i._ZN4mbed3I2CD1Ev) referenced from .\build\i2c.o(.constdata__ZTVN4mbed3I2CE)
 <LI><a href="#[a9]">mbed::I2C::~I2C()</a> from .\build\main1.o(i._ZN4mbed3I2CD1Ev) referenced from .\build\main1.o(i.__sti___9_main1_cpp_pc)
 <LI><a href="#[ad]">mbed::PwmOut::~PwmOut()</a> from .\build\main1.o(i._ZN4mbed6PwmOutD1Ev) referenced from .\build\main1.o(i.__sti___9_main1_cpp_pc)
 <LI><a href="#[e3]">mbed::Serial::lock()</a> from .\build\serial.o(i._ZN4mbed6Serial4lockEv) referenced from .\build\serial.o(.constdata__ZTVN4mbed6SerialE)
 <LI><a href="#[e5]">mbed::Serial::_putc(int)</a> from .\build\serial.o(i._ZN4mbed6Serial5_putcEi) referenced from .\build\serial.o(.constdata__ZTVN4mbed6SerialE)
 <LI><a href="#[e4]">mbed::Serial::unlock()</a> from .\build\serial.o(i._ZN4mbed6Serial6unlockEv) referenced from .\build\serial.o(.constdata__ZTVN4mbed6SerialE)
 <LI><a href="#[a8]">mbed::Serial::~Serial()</a> from .\build\main1.o(i._ZN4mbed6SerialD1Ev) referenced from .\build\serial.o(.constdata__ZTVN4mbed6SerialE)
 <LI><a href="#[a8]">mbed::Serial::~Serial()</a> from .\build\main1.o(i._ZN4mbed6SerialD1Ev) referenced from .\build\main1.o(i.__sti___9_main1_cpp_pc)
 <LI><a href="#[ef]">mbed::Stream::lock()</a> from .\build\stream.o(i._ZN4mbed6Stream4lockEv) referenced from .\build\stream.o(.constdata__ZTVN4mbed6StreamE)
 <LI><a href="#[e7]">mbed::Stream::seek(long, int)</a> from .\build\stream.o(i._ZN4mbed6Stream4seekEli) referenced from .\build\serial.o(.constdata__ZTVN4mbed6SerialE)
 <LI><a href="#[e7]">mbed::Stream::seek(long, int)</a> from .\build\stream.o(i._ZN4mbed6Stream4seekEli) referenced from .\build\stream.o(.constdata__ZTVN4mbed6StreamE)
 <LI><a href="#[ea]">mbed::Stream::size()</a> from .\build\stream.o(i._ZN4mbed6Stream4sizeEv) referenced from .\build\serial.o(.constdata__ZTVN4mbed6SerialE)
 <LI><a href="#[ea]">mbed::Stream::size()</a> from .\build\stream.o(i._ZN4mbed6Stream4sizeEv) referenced from .\build\stream.o(.constdata__ZTVN4mbed6StreamE)
 <LI><a href="#[e8]">mbed::Stream::close()</a> from .\build\stream.o(i._ZN4mbed6Stream5closeEv) referenced from .\build\serial.o(.constdata__ZTVN4mbed6SerialE)
 <LI><a href="#[e8]">mbed::Stream::close()</a> from .\build\stream.o(i._ZN4mbed6Stream5closeEv) referenced from .\build\stream.o(.constdata__ZTVN4mbed6StreamE)
 <LI><a href="#[e6]">mbed::Stream::write(const void*, unsigned)</a> from .\build\stream.o(i._ZN4mbed6Stream5writeEPKvj) referenced from .\build\serial.o(.constdata__ZTVN4mbed6SerialE)
 <LI><a href="#[e6]">mbed::Stream::write(const void*, unsigned)</a> from .\build\stream.o(i._ZN4mbed6Stream5writeEPKvj) referenced from .\build\stream.o(.constdata__ZTVN4mbed6StreamE)
 <LI><a href="#[e9]">mbed::Stream::isatty()</a> from .\build\stream.o(i._ZN4mbed6Stream6isattyEv) referenced from .\build\serial.o(.constdata__ZTVN4mbed6SerialE)
 <LI><a href="#[e9]">mbed::Stream::isatty()</a> from .\build\stream.o(i._ZN4mbed6Stream6isattyEv) referenced from .\build\stream.o(.constdata__ZTVN4mbed6StreamE)
 <LI><a href="#[f0]">mbed::Stream::unlock()</a> from .\build\stream.o(i._ZN4mbed6Stream6unlockEv) referenced from .\build\stream.o(.constdata__ZTVN4mbed6StreamE)
 <LI><a href="#[ee]">mbed::Stream::~Stream__sub_object()</a> from .\build\stream.o(i._ZN4mbed6StreamD2Ev) referenced from .\build\stream.o(.constdata__ZTVN4mbed6StreamE)
 <LI><a href="#[f1]">mbed::AnalogIn::lock()</a> from .\build\main1.o(i._ZN4mbed8AnalogIn4lockEv) referenced from .\build\main1.o(.constdata__ZTVN4mbed8AnalogInE)
 <LI><a href="#[f2]">mbed::AnalogIn::unlock()</a> from .\build\main1.o(i._ZN4mbed8AnalogIn6unlockEv) referenced from .\build\main1.o(.constdata__ZTVN4mbed8AnalogInE)
 <LI><a href="#[ac]">mbed::AnalogIn::~AnalogIn()</a> from .\build\main1.o(i._ZN4mbed8AnalogInD1Ev) referenced from .\build\main1.o(.constdata__ZTVN4mbed8AnalogInE)
 <LI><a href="#[ac]">mbed::AnalogIn::~AnalogIn()</a> from .\build\main1.o(i._ZN4mbed8AnalogInD1Ev) referenced from .\build\main1.o(i.__sti___9_main1_cpp_pc)
 <LI><a href="#[f5]">void mbed::Callback&lang;void(int)&rang;::function_call&lang;void(*)(int)&rang;(const void*, int)</a> from .\build\eventqueue.o(t._ZN4mbed8CallbackIFviEE13function_callIPS1_EEvPKvi) referenced from .\build\eventqueue.o(.constdata__ZZN4mbed8CallbackIFviEE8generateIPS1_EEvRKT_E3ops)
 <LI><a href="#[f7]">void mbed::Callback&lang;void(int)&rang;::function_dtor&lang;void(*)(int)&rang;(void*)</a> from .\build\eventqueue.o(t._ZN4mbed8CallbackIFviEE13function_dtorIPS1_EEvPv) referenced from .\build\eventqueue.o(.constdata__ZZN4mbed8CallbackIFviEE8generateIPS1_EEvRKT_E3ops)
 <LI><a href="#[f6]">void mbed::Callback&lang;void(int)&rang;::function_move&lang;void(*)(int)&rang;(void*, const void*)</a> from .\build\eventqueue.o(t._ZN4mbed8CallbackIFviEE13function_moveIPS1_EEvPvPKv) referenced from .\build\eventqueue.o(.constdata__ZZN4mbed8CallbackIFviEE8generateIPS1_EEvRKT_E3ops)
 <LI><a href="#[f8]">void mbed::Callback&lang;void()&rang;::function_call&lang;void(*)()&rang;(const void*)</a> from .\build\atcmdparser.o(t._ZN4mbed8CallbackIFvvEE13function_callIPS1_EEvPKv) referenced from .\build\atcmdparser.o(.constdata__ZZN4mbed8CallbackIFvvEE8generateIPS1_EEvRKT_E3ops)
 <LI><a href="#[fa]">void mbed::Callback&lang;void()&rang;::function_dtor&lang;void(*)()&rang;(void*)</a> from .\build\atcmdparser.o(t._ZN4mbed8CallbackIFvvEE13function_dtorIPS1_EEvPv) referenced from .\build\atcmdparser.o(.constdata__ZZN4mbed8CallbackIFvvEE8generateIPS1_EEvRKT_E3ops)
 <LI><a href="#[f9]">void mbed::Callback&lang;void()&rang;::function_move&lang;void(*)()&rang;(void*, const void*)</a> from .\build\atcmdparser.o(t._ZN4mbed8CallbackIFvvEE13function_moveIPS1_EEvPvPKv) referenced from .\build\atcmdparser.o(.constdata__ZZN4mbed8CallbackIFvvEE8generateIPS1_EEvRKT_E3ops)
 <LI><a href="#[a5]">mbed::Callback&lang;void()&rang;::~Callback()</a> from .\build\equeue_mbed.o(t._ZN4mbed8CallbackIFvvEED1Ev) referenced from .\build\serialbase.o(i._ZN4mbed10SerialBaseD1Ev)
 <LI><a href="#[f3]">mbed::FileBase::~FileBase()</a> from .\build\filebase.o(i._ZN4mbed8FileBaseD1Ev) referenced from .\build\filebase.o(.constdata__ZTVN4mbed8FileBaseE)
 <LI><a href="#[f4]">mbed::FileLike::~FileLike__sub_object()</a> from .\build\stream.o(i._ZN4mbed8FileLikeD2Ev) referenced from .\build\stream.o(.constdata__ZTVN4mbed8FileLikeE)
 <LI><a href="#[ae]">mbed::FlashIAP::~FlashIAP()</a> from .\build\flashiap.o(i._ZN4mbed8FlashIAPD1Ev) referenced from .\build\main1.o(i.__sti___9_main1_cpp_pc)
 <LI><a href="#[d0]">CThunk&lang;mbed::SerialBase&rang;::trampoline(mbed::SerialBase*, void*, void(mbed::SerialBase::**)(void*))</a> from .\build\serialbase.o(t._ZN6CThunkIN4mbed10SerialBaseEE10trampolineEPS1_PvPMS1_FvS4_E) referenced from .\build\serialbase.o(t._ZN6CThunkIN4mbed10SerialBaseEE4initEPS1_MS1_FvPvES4_)
 <LI><a href="#[da]">Socket::~Socket__sub_object()</a> from .\build\socket.o(i._ZN6SocketD2Ev) referenced from .\build\socket.o(.constdata__ZTV6Socket)
 <LI><a href="#[db]">TCPSocket::event()</a> from .\build\tcpsocket.o(i._ZN9TCPSocket5eventEv) referenced from .\build\tcpsocket.o(.constdata__ZTV9TCPSocket)
 <LI><a href="#[ab]">TCPSocket::~TCPSocket()</a> from .\build\tcpsocket.o(i._ZN9TCPSocketD1Ev) referenced from .\build\tcpsocket.o(.constdata__ZTV9TCPSocket)
 <LI><a href="#[ab]">TCPSocket::~TCPSocket()</a> from .\build\tcpsocket.o(i._ZN9TCPSocketD1Ev) referenced from .\build\main1.o(i.__sti___9_main1_cpp_pc)
 <LI><a href="#[ec]">thunk{-300} to mbed::Serial::lock()</a> from .\build\serial.o(i._ZThn300_N4mbed6Serial4lockEv) referenced from .\build\serial.o(.constdata__ZTVN4mbed6SerialE)
 <LI><a href="#[eb]">thunk{-300} to mbed::Serial::_putc(int)</a> from .\build\serial.o(i._ZThn300_N4mbed6Serial5_putcEi) referenced from .\build\serial.o(.constdata__ZTVN4mbed6SerialE)
 <LI><a href="#[ed]">thunk{-300} to mbed::Serial::unlock()</a> from .\build\serial.o(i._ZThn300_N4mbed6Serial6unlockEv) referenced from .\build\serial.o(.constdata__ZTVN4mbed6SerialE)
 <LI><a href="#[d9]">__cxa_pure_virtual</a> from F:\install\softwares\Keil_v5\ARM\ARMCC\Bin\..\lib\cpplib\cpprt_w.l(pure_virt.o)(i.__cxa_pure_virtual) referenced 3 times from .\build\ethernetinterface.o(.constdata__ZTV12EthInterface)
 <LI><a href="#[d9]">__cxa_pure_virtual</a> from F:\install\softwares\Keil_v5\ARM\ARMCC\Bin\..\lib\cpplib\cpprt_w.l(pure_virt.o)(i.__cxa_pure_virtual) referenced 3 times from .\build\networkinterface.o(.constdata__ZTV16NetworkInterface)
 <LI><a href="#[d9]">__cxa_pure_virtual</a> from F:\install\softwares\Keil_v5\ARM\ARMCC\Bin\..\lib\cpplib\cpprt_w.l(pure_virt.o)(i.__cxa_pure_virtual) referenced 2 times from .\build\socket.o(.constdata__ZTV6Socket)
 <LI><a href="#[d9]">__cxa_pure_virtual</a> from F:\install\softwares\Keil_v5\ARM\ARMCC\Bin\..\lib\cpplib\cpprt_w.l(pure_virt.o)(i.__cxa_pure_virtual) referenced 4 times from .\build\filehandle.o(.constdata__ZTVN4mbed10FileHandleE)
 <LI><a href="#[d9]">__cxa_pure_virtual</a> from F:\install\softwares\Keil_v5\ARM\ARMCC\Bin\..\lib\cpplib\cpprt_w.l(pure_virt.o)(i.__cxa_pure_virtual) referenced 2 times from .\build\stream.o(.constdata__ZTVN4mbed6StreamE)
 <LI><a href="#[d9]">__cxa_pure_virtual</a> from F:\install\softwares\Keil_v5\ARM\ARMCC\Bin\..\lib\cpplib\cpprt_w.l(pure_virt.o)(i.__cxa_pure_virtual) referenced 4 times from .\build\stream.o(.constdata__ZTVN4mbed8FileLikeE)
 <LI><a href="#[fd]">__main</a> from F:\install\softwares\Keil_v5\ARM\ARMCC\Bin\..\lib\armlib\c_w.l(__main.o)(!!!main) referenced from .\build\startup_mk64f12.o(.text)
 <LI><a href="#[fc]">__sti___15_cfstore_svm_cpp_98df57f6</a> from .\build\cfstore_svm.o(i.__sti___15_cfstore_svm_cpp_98df57f6) referenced from .\build\cfstore_svm.o(.init_array)
 <LI><a href="#[fb]">__sti___9_main1_cpp_pc</a> from .\build\main1.o(i.__sti___9_main1_cpp_pc) referenced from .\build\main1.o(.init_array)
 <LI><a href="#[a2]">_fputc$unlocked</a> from F:\install\softwares\Keil_v5\ARM\ARMCC\Bin\..\lib\armlib\c_w.l(fputc.o)(i.fputc) referenced from F:\install\softwares\Keil_v5\ARM\ARMCC\Bin\..\lib\armlib\c_w.l(_printf_char_file_locked.o)(.text)
 <LI><a href="#[9f]">_get_lc_ctype</a> from F:\install\softwares\Keil_v5\ARM\ARMCC\Bin\..\lib\armlib\c_w.l(lc_ctype_c.o)(locale$$code) referenced from F:\install\softwares\Keil_v5\ARM\ARMCC\Bin\..\lib\armlib\c_w.l(rt_ctype_table.o)(.text)
 <LI><a href="#[a1]">_printf_input_char</a> from F:\install\softwares\Keil_v5\ARM\ARMCC\Bin\..\lib\armlib\c_w.l(_printf_char_common.o)(.text) referenced from F:\install\softwares\Keil_v5\ARM\ARMCC\Bin\..\lib\armlib\c_w.l(_printf_char_common.o)(.text)
 <LI><a href="#[a0]">_snputc</a> from F:\install\softwares\Keil_v5\ARM\ARMCC\Bin\..\lib\armlib\c_w.l(_snputc.o)(.text) referenced from F:\install\softwares\Keil_v5\ARM\ARMCC\Bin\..\lib\armlib\c_w.l(vsnprintf.o)(.text)
 <LI><a href="#[c9]">osRtxEventFlagsPostProcess</a> from .\build\rtx_evflags.o(i.osRtxEventFlagsPostProcess) referenced from .\build\rtx_evflags.o(i.svcRtxEventFlagsNew)
 <LI><a href="#[ca]">osRtxIdleThread</a> from .\build\mbed_rtx_handlers.o(i.osRtxIdleThread) referenced from .\build\rtx_kernel.o(i.svcRtxKernelStart)
 <LI><a href="#[cc]">osRtxMessageQueuePostProcess</a> from .\build\rtx_msgqueue.o(i.osRtxMessageQueuePostProcess) referenced from .\build\rtx_msgqueue.o(i.svcRtxMessageQueueNew)
 <LI><a href="#[ce]">osRtxThreadPostProcess</a> from .\build\rtx_thread.o(i.osRtxThreadPostProcess) referenced from .\build\rtx_thread.o(i.svcRtxThreadNew)
 <LI><a href="#[cb]">osRtxTimerThread</a> from .\build\rtx_timer.o(i.osRtxTimerThread) referenced from .\build\rtx_kernel.o(i.svcRtxKernelStart)
 <LI><a href="#[be]">osRtxTimerTick</a> from .\build\rtx_timer.o(i.osRtxTimerTick) referenced from .\build\rtx_timer.o(i.osRtxTimerThread)
 <LI><a href="#[cd]">osThreadExit</a> from .\build\rtx_thread.o(i.osThreadExit) referenced from .\build\rtx_thread.o(i.svcRtxThreadNew)
 <LI><a href="#[cf]">pit_isr</a> from .\build\us_ticker.o(i.pit_isr) referenced from .\build\us_ticker.o(i.us_ticker_init)
 <LI><a href="#[af]">pre_main</a> from .\build\mbed_boot.o(i.pre_main) referenced from .\build\mbed_boot.o(i.mbed_start_main)
 <LI><a href="#[b0]">svcRtxDelay</a> from .\build\rtx_delay.o(i.svcRtxDelay) referenced from .\build\rtx_delay.o(i.osDelay)
 <LI><a href="#[b1]">svcRtxEventFlagsDelete</a> from .\build\rtx_evflags.o(i.svcRtxEventFlagsDelete) referenced from .\build\rtx_evflags.o(i.osEventFlagsDelete)
 <LI><a href="#[b2]">svcRtxEventFlagsNew</a> from .\build\rtx_evflags.o(i.svcRtxEventFlagsNew) referenced from .\build\rtx_evflags.o(i.osEventFlagsNew)
 <LI><a href="#[b3]">svcRtxEventFlagsSet</a> from .\build\rtx_evflags.o(i.svcRtxEventFlagsSet) referenced from .\build\rtx_evflags.o(i.osEventFlagsSet)
 <LI><a href="#[b4]">svcRtxKernelGetState</a> from .\build\rtx_kernel.o(i.svcRtxKernelGetState) referenced from .\build\rtx_kernel.o(i.osKernelGetState)
 <LI><a href="#[b5]">svcRtxKernelInitialize</a> from .\build\rtx_kernel.o(i.svcRtxKernelInitialize) referenced from .\build\rtx_kernel.o(i.osKernelInitialize)
 <LI><a href="#[b6]">svcRtxKernelStart</a> from .\build\rtx_kernel.o(i.svcRtxKernelStart) referenced from .\build\rtx_kernel.o(i.osKernelStart)
 <LI><a href="#[b7]">svcRtxMessageQueueGet</a> from .\build\rtx_msgqueue.o(i.svcRtxMessageQueueGet) referenced from .\build\rtx_msgqueue.o(i.osMessageQueueGet)
 <LI><a href="#[b8]">svcRtxMessageQueueNew</a> from .\build\rtx_msgqueue.o(i.svcRtxMessageQueueNew) referenced from .\build\rtx_msgqueue.o(i.osMessageQueueNew)
 <LI><a href="#[b9]">svcRtxMessageQueuePut</a> from .\build\rtx_msgqueue.o(i.svcRtxMessageQueuePut) referenced from .\build\rtx_msgqueue.o(i.osMessageQueuePut)
 <LI><a href="#[ba]">svcRtxMutexAcquire</a> from .\build\rtx_mutex.o(i.svcRtxMutexAcquire) referenced from .\build\rtx_mutex.o(i.osMutexAcquire)
 <LI><a href="#[bb]">svcRtxMutexDelete</a> from .\build\rtx_mutex.o(i.svcRtxMutexDelete) referenced from .\build\rtx_mutex.o(i.osMutexDelete)
 <LI><a href="#[bc]">svcRtxMutexNew</a> from .\build\rtx_mutex.o(i.svcRtxMutexNew) referenced from .\build\rtx_mutex.o(i.osMutexNew)
 <LI><a href="#[bd]">svcRtxMutexRelease</a> from .\build\rtx_mutex.o(i.svcRtxMutexRelease) referenced from .\build\rtx_mutex.o(i.osMutexRelease)
 <LI><a href="#[c0]">svcRtxThreadExit</a> from .\build\rtx_thread.o(i.svcRtxThreadExit) referenced from .\build\rtx_thread.o(i.osThreadExit)
 <LI><a href="#[c1]">svcRtxThreadGetId</a> from .\build\rtx_thread.o(i.svcRtxThreadGetId) referenced from .\build\rtx_thread.o(i.osThreadGetId)
 <LI><a href="#[c2]">svcRtxThreadGetName</a> from .\build\rtx_thread.o(i.svcRtxThreadGetName) referenced from .\build\rtx_thread.o(i.osThreadGetName)
 <LI><a href="#[bf]">svcRtxThreadNew</a> from .\build\rtx_thread.o(i.svcRtxThreadNew) referenced from .\build\rtx_thread.o(i.osThreadContextNew)
 <LI><a href="#[f]">ticker_irq_handler</a> from .\build\mbed_ticker_api.o(i.ticker_irq_handler) referenced 2 times from .\build\mbed_us_ticker_api.o(.data)
 <LI><a href="#[c3]">uart0_irq</a> from .\build\serial_api.o(i.uart0_irq) referenced from .\build\serial_api.o(i.serial_irq_set)
 <LI><a href="#[c4]">uart1_irq</a> from .\build\serial_api.o(i.uart1_irq) referenced from .\build\serial_api.o(i.serial_irq_set)
 <LI><a href="#[c5]">uart2_irq</a> from .\build\serial_api.o(i.uart2_irq) referenced from .\build\serial_api.o(i.serial_irq_set)
 <LI><a href="#[c6]">uart3_irq</a> from .\build\serial_api.o(i.uart3_irq) referenced from .\build\serial_api.o(i.serial_irq_set)
 <LI><a href="#[c7]">uart4_irq</a> from .\build\serial_api.o(i.uart4_irq) referenced from .\build\serial_api.o(i.serial_irq_set)
 <LI><a href="#[c8]">uart5_irq</a> from .\build\serial_api.o(i.uart5_irq) referenced from .\build\serial_api.o(i.serial_irq_set)
 <LI><a href="#[d4]">us_ticker_clear_interrupt</a> from .\build\us_ticker.o(i.us_ticker_clear_interrupt) referenced from .\build\mbed_us_ticker_api.o(.constdata)
 <LI><a href="#[d3]">us_ticker_disable_interrupt</a> from .\build\us_ticker.o(i.us_ticker_disable_interrupt) referenced from .\build\mbed_us_ticker_api.o(.constdata)
 <LI><a href="#[d6]">us_ticker_fire_interrupt</a> from .\build\us_ticker.o(i.us_ticker_fire_interrupt) referenced from .\build\mbed_us_ticker_api.o(.constdata)
 <LI><a href="#[d7]">us_ticker_get_info</a> from .\build\mbed_retarget.o(i.us_ticker_get_info) referenced from .\build\mbed_us_ticker_api.o(.constdata)
 <LI><a href="#[d1]">us_ticker_init</a> from .\build\us_ticker.o(i.us_ticker_init) referenced from .\build\mbed_us_ticker_api.o(.constdata)
 <LI><a href="#[d2]">us_ticker_read</a> from .\build\us_ticker.o(i.us_ticker_read) referenced from .\build\mbed_us_ticker_api.o(.constdata)
 <LI><a href="#[d5]">us_ticker_set_interrupt</a> from .\build\us_ticker.o(i.us_ticker_set_interrupt) referenced from .\build\mbed_us_ticker_api.o(.constdata)
</UL>
<P>
<H3>
Global Symbols
</H3>
<P><STRONG><a name="[fd]"></a>__main</STRONG> (Thumb, 8 bytes, Stack size 0 bytes, F:\install\softwares\Keil_v5\ARM\ARMCC\Bin\..\lib\armlib\c_w.l(__main.o)(!!!main))
<BR><BR>[Stack]<UL><LI>Max Depth = 552 + Unknown Stack Size
<LI>Call Chain = __main &rArr; __rt_entry &rArr; mbed_start_main &rArr; error &rArr; mbed_error_vfprintf &rArr; serial_init &rArr; CLOCK_GetFreq &rArr; CLOCK_GetFixedFreqClkFreq &rArr; CLOCK_GetOutClkFreq &rArr; CLOCK_GetFllFreq &rArr; CLOCK_GetFllRefClkFreq &rArr; CLOCK_GetFllExtRefClkFreq &rArr; CLOCK_GetMcgExtClkFreq &rArr; __aeabi_assert &rArr; __assert_puts &rArr; fflush &rArr; _do_fflush &rArr; _fflush &rArr; _writebuf &rArr; _sys_write &rArr; init_serial() &rArr;  serial_init (Cycle)
</UL>
<BR>[Calls]<UL><LI><a href="#[102]">&gt;&gt;</a>&nbsp;&nbsp;&nbsp;__rt_entry
<LI><a href="#[101]">&gt;&gt;</a>&nbsp;&nbsp;&nbsp;__scatterload
</UL>

<P><STRONG><a name="[101]"></a>__scatterload</STRONG> (Thumb, 0 bytes, Stack size unknown bytes, F:\install\softwares\Keil_v5\ARM\ARMCC\Bin\..\lib\armlib\c_w.l(__scatter.o)(!!!scatter))
<BR><BR>[Called By]<UL><LI><a href="#[fd]">&gt;&gt;</a>&nbsp;&nbsp;&nbsp;__main
</UL>

<P><STRONG><a name="[103]"></a>__scatterload_rt2</STRONG> (Thumb, 44 bytes, Stack size unknown bytes, F:\install\softwares\Keil_v5\ARM\ARMCC\Bin\..\lib\armlib\c_w.l(__scatter.o)(!!!scatter), UNUSED)
<BR><BR>[Calls]<UL><LI><a href="#[102]">&gt;&gt;</a>&nbsp;&nbsp;&nbsp;__rt_entry
</UL>

<P><STRONG><a name="[319]"></a>__scatterload_rt2_thumb_only</STRONG> (Thumb, 0 bytes, Stack size unknown bytes, F:\install\softwares\Keil_v5\ARM\ARMCC\Bin\..\lib\armlib\c_w.l(__scatter.o)(!!!scatter), UNUSED)

<P><STRONG><a name="[31a]"></a>__scatterload_null</STRONG> (Thumb, 0 bytes, Stack size unknown bytes, F:\install\softwares\Keil_v5\ARM\ARMCC\Bin\..\lib\armlib\c_w.l(__scatter.o)(!!!scatter), UNUSED)

<P><STRONG><a name="[31b]"></a>__decompress</STRONG> (Thumb, 58 bytes, Stack size unknown bytes, F:\install\softwares\Keil_v5\ARM\ARMCC\Bin\..\lib\armlib\c_w.l(__dczerorl.o)(!!dczerorl), UNUSED)

<P><STRONG><a name="[31c]"></a>__decompress0</STRONG> (Thumb, 0 bytes, Stack size unknown bytes, F:\install\softwares\Keil_v5\ARM\ARMCC\Bin\..\lib\armlib\c_w.l(__dczerorl.o)(!!dczerorl), UNUSED)

<P><STRONG><a name="[31d]"></a>__scatterload_zeroinit</STRONG> (Thumb, 28 bytes, Stack size unknown bytes, F:\install\softwares\Keil_v5\ARM\ARMCC\Bin\..\lib\armlib\c_w.l(__scatter_zi.o)(!!handler_zi), UNUSED)

<P><STRONG><a name="[104]"></a>_printf_n</STRONG> (Thumb, 0 bytes, Stack size unknown bytes, F:\install\softwares\Keil_v5\ARM\ARMCC\Bin\..\lib\armlib\c_w.l(_printf_n.o)(.ARM.Collect$$_printf_percent$$00000001))
<BR><BR>[Calls]<UL><LI><a href="#[105]">&gt;&gt;</a>&nbsp;&nbsp;&nbsp;_printf_charcount
</UL>

<P><STRONG><a name="[154]"></a>_printf_percent</STRONG> (Thumb, 0 bytes, Stack size unknown bytes, F:\install\softwares\Keil_v5\ARM\ARMCC\Bin\..\lib\armlib\c_w.l(_printf_percent.o)(.ARM.Collect$$_printf_percent$$00000000))
<BR><BR>[Called By]<UL><LI><a href="#[152]">&gt;&gt;</a>&nbsp;&nbsp;&nbsp;__printf
</UL>

<P><STRONG><a name="[106]"></a>_printf_p</STRONG> (Thumb, 0 bytes, Stack size unknown bytes, F:\install\softwares\Keil_v5\ARM\ARMCC\Bin\..\lib\armlib\c_w.l(_printf_p.o)(.ARM.Collect$$_printf_percent$$00000002))
<BR><BR>[Stack]<UL><LI>Max Depth = 64 + Unknown Stack Size
<LI>Call Chain = _printf_p &rArr; _printf_hex_ptr &rArr; _printf_longlong_hex &rArr; _printf_int_common &rArr; _printf_post_padding
</UL>
<BR>[Calls]<UL><LI><a href="#[107]">&gt;&gt;</a>&nbsp;&nbsp;&nbsp;_printf_hex_ptr
</UL>

<P><STRONG><a name="[108]"></a>_printf_f</STRONG> (Thumb, 0 bytes, Stack size unknown bytes, F:\install\softwares\Keil_v5\ARM\ARMCC\Bin\..\lib\armlib\c_w.l(_printf_f.o)(.ARM.Collect$$_printf_percent$$00000003))
<BR><BR>[Stack]<UL><LI>Max Depth = 320 + Unknown Stack Size
<LI>Call Chain = _printf_f &rArr; _printf_fp_dec &rArr; _printf_fp_dec_real &rArr; _fp_digits &rArr; _btod_etento &rArr; _btod_emul &rArr; _e2e
</UL>
<BR>[Calls]<UL><LI><a href="#[109]">&gt;&gt;</a>&nbsp;&nbsp;&nbsp;_printf_fp_dec
</UL>

<P><STRONG><a name="[10a]"></a>_printf_e</STRONG> (Thumb, 0 bytes, Stack size unknown bytes, F:\install\softwares\Keil_v5\ARM\ARMCC\Bin\..\lib\armlib\c_w.l(_printf_e.o)(.ARM.Collect$$_printf_percent$$00000004))
<BR><BR>[Stack]<UL><LI>Max Depth = 320 + Unknown Stack Size
<LI>Call Chain = _printf_e &rArr; _printf_fp_dec &rArr; _printf_fp_dec_real &rArr; _fp_digits &rArr; _btod_etento &rArr; _btod_emul &rArr; _e2e
</UL>
<BR>[Calls]<UL><LI><a href="#[109]">&gt;&gt;</a>&nbsp;&nbsp;&nbsp;_printf_fp_dec
</UL>

<P><STRONG><a name="[10b]"></a>_printf_g</STRONG> (Thumb, 0 bytes, Stack size unknown bytes, F:\install\softwares\Keil_v5\ARM\ARMCC\Bin\..\lib\armlib\c_w.l(_printf_g.o)(.ARM.Collect$$_printf_percent$$00000005))
<BR><BR>[Stack]<UL><LI>Max Depth = 320 + Unknown Stack Size
<LI>Call Chain = _printf_g &rArr; _printf_fp_dec &rArr; _printf_fp_dec_real &rArr; _fp_digits &rArr; _btod_etento &rArr; _btod_emul &rArr; _e2e
</UL>
<BR>[Calls]<UL><LI><a href="#[109]">&gt;&gt;</a>&nbsp;&nbsp;&nbsp;_printf_fp_dec
</UL>

<P><STRONG><a name="[10c]"></a>_printf_a</STRONG> (Thumb, 0 bytes, Stack size unknown bytes, F:\install\softwares\Keil_v5\ARM\ARMCC\Bin\..\lib\armlib\c_w.l(_printf_a.o)(.ARM.Collect$$_printf_percent$$00000006))
<BR><BR>[Stack]<UL><LI>Max Depth = 112 + Unknown Stack Size
<LI>Call Chain = _printf_a &rArr; _printf_fp_hex &rArr; _printf_fp_hex_real &rArr; _printf_fp_infnan &rArr; _printf_post_padding
</UL>
<BR>[Calls]<UL><LI><a href="#[10d]">&gt;&gt;</a>&nbsp;&nbsp;&nbsp;_printf_fp_hex
</UL>

<P><STRONG><a name="[31e]"></a>_printf_ll</STRONG> (Thumb, 0 bytes, Stack size unknown bytes, F:\install\softwares\Keil_v5\ARM\ARMCC\Bin\..\lib\armlib\c_w.l(_printf_ll.o)(.ARM.Collect$$_printf_percent$$00000007))

<P><STRONG><a name="[10e]"></a>_printf_i</STRONG> (Thumb, 0 bytes, Stack size unknown bytes, F:\install\softwares\Keil_v5\ARM\ARMCC\Bin\..\lib\armlib\c_w.l(_printf_i.o)(.ARM.Collect$$_printf_percent$$00000008))
<BR><BR>[Stack]<UL><LI>Max Depth = 72 + Unknown Stack Size
<LI>Call Chain = _printf_i &rArr; _printf_int_dec &rArr; _printf_int_common &rArr; _printf_post_padding
</UL>
<BR>[Calls]<UL><LI><a href="#[10f]">&gt;&gt;</a>&nbsp;&nbsp;&nbsp;_printf_int_dec
</UL>

<P><STRONG><a name="[110]"></a>_printf_d</STRONG> (Thumb, 0 bytes, Stack size unknown bytes, F:\install\softwares\Keil_v5\ARM\ARMCC\Bin\..\lib\armlib\c_w.l(_printf_d.o)(.ARM.Collect$$_printf_percent$$00000009))
<BR><BR>[Stack]<UL><LI>Max Depth = 72 + Unknown Stack Size
<LI>Call Chain = _printf_d &rArr; _printf_int_dec &rArr; _printf_int_common &rArr; _printf_post_padding
</UL>
<BR>[Calls]<UL><LI><a href="#[10f]">&gt;&gt;</a>&nbsp;&nbsp;&nbsp;_printf_int_dec
</UL>

<P><STRONG><a name="[111]"></a>_printf_u</STRONG> (Thumb, 0 bytes, Stack size unknown bytes, F:\install\softwares\Keil_v5\ARM\ARMCC\Bin\..\lib\armlib\c_w.l(_printf_u.o)(.ARM.Collect$$_printf_percent$$0000000A))
<BR><BR>[Stack]<UL><LI>Max Depth = 72 + Unknown Stack Size
<LI>Call Chain = _printf_u &rArr; _printf_int_dec &rArr; _printf_int_common &rArr; _printf_post_padding
</UL>
<BR>[Calls]<UL><LI><a href="#[10f]">&gt;&gt;</a>&nbsp;&nbsp;&nbsp;_printf_int_dec
</UL>

<P><STRONG><a name="[112]"></a>_printf_o</STRONG> (Thumb, 0 bytes, Stack size unknown bytes, F:\install\softwares\Keil_v5\ARM\ARMCC\Bin\..\lib\armlib\c_w.l(_printf_o.o)(.ARM.Collect$$_printf_percent$$0000000B))
<BR><BR>[Stack]<UL><LI>Max Depth = 64 + Unknown Stack Size
<LI>Call Chain = _printf_o &rArr; _printf_int_oct &rArr; _printf_longlong_oct &rArr; _printf_int_common &rArr; _printf_post_padding
</UL>
<BR>[Calls]<UL><LI><a href="#[113]">&gt;&gt;</a>&nbsp;&nbsp;&nbsp;_printf_int_oct
</UL>

<P><STRONG><a name="[114]"></a>_printf_x</STRONG> (Thumb, 0 bytes, Stack size unknown bytes, F:\install\softwares\Keil_v5\ARM\ARMCC\Bin\..\lib\armlib\c_w.l(_printf_x.o)(.ARM.Collect$$_printf_percent$$0000000C))
<BR><BR>[Stack]<UL><LI>Max Depth = 80 + Unknown Stack Size
<LI>Call Chain = _printf_x &rArr; _printf_int_hex &rArr; _printf_longlong_hex &rArr; _printf_int_common &rArr; _printf_post_padding
</UL>
<BR>[Calls]<UL><LI><a href="#[115]">&gt;&gt;</a>&nbsp;&nbsp;&nbsp;_printf_int_hex
</UL>

<P><STRONG><a name="[116]"></a>_printf_lli</STRONG> (Thumb, 0 bytes, Stack size unknown bytes, F:\install\softwares\Keil_v5\ARM\ARMCC\Bin\..\lib\armlib\c_w.l(_printf_lli.o)(.ARM.Collect$$_printf_percent$$0000000D))
<BR><BR>[Stack]<UL><LI>Max Depth = 72 + Unknown Stack Size
<LI>Call Chain = _printf_lli &rArr; _printf_longlong_dec &rArr; _printf_int_common &rArr; _printf_post_padding
</UL>
<BR>[Calls]<UL><LI><a href="#[117]">&gt;&gt;</a>&nbsp;&nbsp;&nbsp;_printf_longlong_dec
</UL>

<P><STRONG><a name="[118]"></a>_printf_lld</STRONG> (Thumb, 0 bytes, Stack size unknown bytes, F:\install\softwares\Keil_v5\ARM\ARMCC\Bin\..\lib\armlib\c_w.l(_printf_lld.o)(.ARM.Collect$$_printf_percent$$0000000E))
<BR><BR>[Stack]<UL><LI>Max Depth = 72 + Unknown Stack Size
<LI>Call Chain = _printf_lld &rArr; _printf_longlong_dec &rArr; _printf_int_common &rArr; _printf_post_padding
</UL>
<BR>[Calls]<UL><LI><a href="#[117]">&gt;&gt;</a>&nbsp;&nbsp;&nbsp;_printf_longlong_dec
</UL>

<P><STRONG><a name="[119]"></a>_printf_llu</STRONG> (Thumb, 0 bytes, Stack size unknown bytes, F:\install\softwares\Keil_v5\ARM\ARMCC\Bin\..\lib\armlib\c_w.l(_printf_llu.o)(.ARM.Collect$$_printf_percent$$0000000F))
<BR><BR>[Stack]<UL><LI>Max Depth = 72 + Unknown Stack Size
<LI>Call Chain = _printf_llu &rArr; _printf_longlong_dec &rArr; _printf_int_common &rArr; _printf_post_padding
</UL>
<BR>[Calls]<UL><LI><a href="#[117]">&gt;&gt;</a>&nbsp;&nbsp;&nbsp;_printf_longlong_dec
</UL>

<P><STRONG><a name="[11a]"></a>_printf_llo</STRONG> (Thumb, 0 bytes, Stack size unknown bytes, F:\install\softwares\Keil_v5\ARM\ARMCC\Bin\..\lib\armlib\c_w.l(_printf_llo.o)(.ARM.Collect$$_printf_percent$$00000010))
<BR><BR>[Stack]<UL><LI>Max Depth = 56 + Unknown Stack Size
<LI>Call Chain = _printf_llo &rArr; _printf_ll_oct &rArr; _printf_longlong_oct &rArr; _printf_int_common &rArr; _printf_post_padding
</UL>
<BR>[Calls]<UL><LI><a href="#[11b]">&gt;&gt;</a>&nbsp;&nbsp;&nbsp;_printf_ll_oct
</UL>

<P><STRONG><a name="[11c]"></a>_printf_llx</STRONG> (Thumb, 0 bytes, Stack size unknown bytes, F:\install\softwares\Keil_v5\ARM\ARMCC\Bin\..\lib\armlib\c_w.l(_printf_llx.o)(.ARM.Collect$$_printf_percent$$00000011))
<BR><BR>[Stack]<UL><LI>Max Depth = 64 + Unknown Stack Size
<LI>Call Chain = _printf_llx &rArr; _printf_ll_hex &rArr; _printf_longlong_hex &rArr; _printf_int_common &rArr; _printf_post_padding
</UL>
<BR>[Calls]<UL><LI><a href="#[11d]">&gt;&gt;</a>&nbsp;&nbsp;&nbsp;_printf_ll_hex
</UL>

<P><STRONG><a name="[31f]"></a>_printf_l</STRONG> (Thumb, 0 bytes, Stack size unknown bytes, F:\install\softwares\Keil_v5\ARM\ARMCC\Bin\..\lib\armlib\c_w.l(_printf_l.o)(.ARM.Collect$$_printf_percent$$00000012))

<P><STRONG><a name="[11e]"></a>_printf_c</STRONG> (Thumb, 0 bytes, Stack size unknown bytes, F:\install\softwares\Keil_v5\ARM\ARMCC\Bin\..\lib\armlib\c_w.l(_printf_c.o)(.ARM.Collect$$_printf_percent$$00000013))
<BR><BR>[Stack]<UL><LI>Max Depth = 40 + Unknown Stack Size
<LI>Call Chain = _printf_c &rArr; _printf_char &rArr; _printf_cs_common &rArr; _printf_str &rArr; _printf_post_padding
</UL>
<BR>[Calls]<UL><LI><a href="#[11f]">&gt;&gt;</a>&nbsp;&nbsp;&nbsp;_printf_char
</UL>

<P><STRONG><a name="[120]"></a>_printf_s</STRONG> (Thumb, 0 bytes, Stack size unknown bytes, F:\install\softwares\Keil_v5\ARM\ARMCC\Bin\..\lib\armlib\c_w.l(_printf_s.o)(.ARM.Collect$$_printf_percent$$00000014))
<BR><BR>[Stack]<UL><LI>Max Depth = 40 + Unknown Stack Size
<LI>Call Chain = _printf_s &rArr; _printf_string &rArr; _printf_cs_common &rArr; _printf_str &rArr; _printf_post_padding
</UL>
<BR>[Calls]<UL><LI><a href="#[121]">&gt;&gt;</a>&nbsp;&nbsp;&nbsp;_printf_string
</UL>

<P><STRONG><a name="[122]"></a>_printf_lc</STRONG> (Thumb, 0 bytes, Stack size unknown bytes, F:\install\softwares\Keil_v5\ARM\ARMCC\Bin\..\lib\armlib\c_w.l(_printf_lc.o)(.ARM.Collect$$_printf_percent$$00000015))
<BR><BR>[Stack]<UL><LI>Max Depth = 96 + Unknown Stack Size
<LI>Call Chain = _printf_lc &rArr; _printf_wchar &rArr; _printf_lcs_common &rArr; _printf_wctomb &rArr; _wcrtomb &rArr; __rt_ctype_table &rArr; __rt_locale
</UL>
<BR>[Calls]<UL><LI><a href="#[123]">&gt;&gt;</a>&nbsp;&nbsp;&nbsp;_printf_wchar
</UL>

<P><STRONG><a name="[124]"></a>_printf_ls</STRONG> (Thumb, 0 bytes, Stack size unknown bytes, F:\install\softwares\Keil_v5\ARM\ARMCC\Bin\..\lib\armlib\c_w.l(_printf_ls.o)(.ARM.Collect$$_printf_percent$$00000016))
<BR><BR>[Stack]<UL><LI>Max Depth = 96 + Unknown Stack Size
<LI>Call Chain = _printf_ls &rArr; _printf_wstring &rArr; _printf_lcs_common &rArr; _printf_wctomb &rArr; _wcrtomb &rArr; __rt_ctype_table &rArr; __rt_locale
</UL>
<BR>[Calls]<UL><LI><a href="#[125]">&gt;&gt;</a>&nbsp;&nbsp;&nbsp;_printf_wstring
</UL>

<P><STRONG><a name="[320]"></a>_printf_percent_end</STRONG> (Thumb, 0 bytes, Stack size unknown bytes, F:\install\softwares\Keil_v5\ARM\ARMCC\Bin\..\lib\armlib\c_w.l(_printf_percent_end.o)(.ARM.Collect$$_printf_percent$$00000017))

<P><STRONG><a name="[2f6]"></a>__rt_lib_init</STRONG> (Thumb, 0 bytes, Stack size unknown bytes, F:\install\softwares\Keil_v5\ARM\ARMCC\Bin\..\lib\armlib\c_w.l(libinit.o)(.ARM.Collect$$libinit$$00000000))
<BR><BR>[Called By]<UL><LI><a href="#[af]">&gt;&gt;</a>&nbsp;&nbsp;&nbsp;pre_main
</UL>

<P><STRONG><a name="[126]"></a>__rt_lib_init_fp_1</STRONG> (Thumb, 0 bytes, Stack size unknown bytes, F:\install\softwares\Keil_v5\ARM\ARMCC\Bin\..\lib\armlib\c_w.l(libinit2.o)(.ARM.Collect$$libinit$$00000001))
<BR><BR>[Calls]<UL><LI><a href="#[127]">&gt;&gt;</a>&nbsp;&nbsp;&nbsp;_fp_init
</UL>

<P><STRONG><a name="[128]"></a>__rt_lib_init_heap_2</STRONG> (Thumb, 0 bytes, Stack size unknown bytes, F:\install\softwares\Keil_v5\ARM\ARMCC\Bin\..\lib\armlib\c_w.l(libinit2.o)(.ARM.Collect$$libinit$$00000005))
<BR><BR>[Stack]<UL><LI>Max Depth = 320 + Unknown Stack Size
<LI>Call Chain = __rt_lib_init_heap_2 &rArr; _init_alloc &rArr; __Heap_Initialize &rArr; _mutex_initialize &rArr; core_util_critical_section_exit &rArr; mbed_assert_internal &rArr; mbed_die &rArr; wait_ms &rArr; wait_us &rArr; ticker_read &rArr; ticker_read_us &rArr;  core_util_critical_section_exit (Cycle)
</UL>
<BR>[Calls]<UL><LI><a href="#[129]">&gt;&gt;</a>&nbsp;&nbsp;&nbsp;_init_alloc
</UL>

<P><STRONG><a name="[321]"></a>__rt_lib_init_preinit_1</STRONG> (Thumb, 0 bytes, Stack size unknown bytes, F:\install\softwares\Keil_v5\ARM\ARMCC\Bin\..\lib\armlib\c_w.l(libinit2.o)(.ARM.Collect$$libinit$$00000004))

<P><STRONG><a name="[322]"></a>__rt_lib_init_heap_1</STRONG> (Thumb, 0 bytes, Stack size unknown bytes, F:\install\softwares\Keil_v5\ARM\ARMCC\Bin\..\lib\armlib\c_w.l(libinit2.o)(.ARM.Collect$$libinit$$0000000A))

<P><STRONG><a name="[12a]"></a>__rt_lib_init_lc_common</STRONG> (Thumb, 0 bytes, Stack size unknown bytes, F:\install\softwares\Keil_v5\ARM\ARMCC\Bin\..\lib\armlib\c_w.l(libinit2.o)(.ARM.Collect$$libinit$$0000000F))
<BR><BR>[Stack]<UL><LI>Max Depth = 8 + Unknown Stack Size
<LI>Call Chain = __rt_lib_init_lc_common &rArr; __rt_locale
</UL>
<BR>[Calls]<UL><LI><a href="#[12b]">&gt;&gt;</a>&nbsp;&nbsp;&nbsp;__rt_locale
</UL>

<P><STRONG><a name="[323]"></a>__rt_lib_init_rand_1</STRONG> (Thumb, 0 bytes, Stack size unknown bytes, F:\install\softwares\Keil_v5\ARM\ARMCC\Bin\..\lib\armlib\c_w.l(libinit2.o)(.ARM.Collect$$libinit$$0000000E))

<P><STRONG><a name="[324]"></a>__rt_lib_init_user_alloc_1</STRONG> (Thumb, 0 bytes, Stack size unknown bytes, F:\install\softwares\Keil_v5\ARM\ARMCC\Bin\..\lib\armlib\c_w.l(libinit2.o)(.ARM.Collect$$libinit$$0000000C))

<P><STRONG><a name="[325]"></a>__rt_lib_init_lc_collate_1</STRONG> (Thumb, 0 bytes, Stack size unknown bytes, F:\install\softwares\Keil_v5\ARM\ARMCC\Bin\..\lib\armlib\c_w.l(libinit2.o)(.ARM.Collect$$libinit$$00000011))

<P><STRONG><a name="[12c]"></a>__rt_lib_init_lc_ctype_2</STRONG> (Thumb, 0 bytes, Stack size unknown bytes, F:\install\softwares\Keil_v5\ARM\ARMCC\Bin\..\lib\armlib\c_w.l(libinit2.o)(.ARM.Collect$$libinit$$00000012))
<BR><BR>[Stack]<UL><LI>Max Depth = 8 + Unknown Stack Size
<LI>Call Chain = __rt_lib_init_lc_ctype_2 &rArr; _get_lc_ctype
</UL>
<BR>[Calls]<UL><LI><a href="#[9f]">&gt;&gt;</a>&nbsp;&nbsp;&nbsp;_get_lc_ctype
</UL>

<P><STRONG><a name="[326]"></a>__rt_lib_init_lc_ctype_1</STRONG> (Thumb, 0 bytes, Stack size unknown bytes, F:\install\softwares\Keil_v5\ARM\ARMCC\Bin\..\lib\armlib\c_w.l(libinit2.o)(.ARM.Collect$$libinit$$00000013))

<P><STRONG><a name="[327]"></a>__rt_lib_init_lc_monetary_1</STRONG> (Thumb, 0 bytes, Stack size unknown bytes, F:\install\softwares\Keil_v5\ARM\ARMCC\Bin\..\lib\armlib\c_w.l(libinit2.o)(.ARM.Collect$$libinit$$00000015))

<P><STRONG><a name="[12d]"></a>__rt_lib_init_lc_numeric_2</STRONG> (Thumb, 0 bytes, Stack size unknown bytes, F:\install\softwares\Keil_v5\ARM\ARMCC\Bin\..\lib\armlib\c_w.l(libinit2.o)(.ARM.Collect$$libinit$$00000016))
<BR><BR>[Stack]<UL><LI>Max Depth = 8 + Unknown Stack Size
<LI>Call Chain = __rt_lib_init_lc_numeric_2 &rArr; _get_lc_numeric
</UL>
<BR>[Calls]<UL><LI><a href="#[12e]">&gt;&gt;</a>&nbsp;&nbsp;&nbsp;_get_lc_numeric
</UL>

<P><STRONG><a name="[328]"></a>__rt_lib_init_atexit_1</STRONG> (Thumb, 0 bytes, Stack size unknown bytes, F:\install\softwares\Keil_v5\ARM\ARMCC\Bin\..\lib\armlib\c_w.l(libinit2.o)(.ARM.Collect$$libinit$$0000001B))

<P><STRONG><a name="[329]"></a>__rt_lib_init_clock_1</STRONG> (Thumb, 0 bytes, Stack size unknown bytes, F:\install\softwares\Keil_v5\ARM\ARMCC\Bin\..\lib\armlib\c_w.l(libinit2.o)(.ARM.Collect$$libinit$$00000021))

<P><STRONG><a name="[32a]"></a>__rt_lib_init_fp_trap_1</STRONG> (Thumb, 0 bytes, Stack size unknown bytes, F:\install\softwares\Keil_v5\ARM\ARMCC\Bin\..\lib\armlib\c_w.l(libinit2.o)(.ARM.Collect$$libinit$$0000001F))

<P><STRONG><a name="[32b]"></a>__rt_lib_init_getenv_1</STRONG> (Thumb, 0 bytes, Stack size unknown bytes, F:\install\softwares\Keil_v5\ARM\ARMCC\Bin\..\lib\armlib\c_w.l(libinit2.o)(.ARM.Collect$$libinit$$00000023))

<P><STRONG><a name="[32c]"></a>__rt_lib_init_lc_numeric_1</STRONG> (Thumb, 0 bytes, Stack size unknown bytes, F:\install\softwares\Keil_v5\ARM\ARMCC\Bin\..\lib\armlib\c_w.l(libinit2.o)(.ARM.Collect$$libinit$$00000017))

<P><STRONG><a name="[32d]"></a>__rt_lib_init_lc_time_1</STRONG> (Thumb, 0 bytes, Stack size unknown bytes, F:\install\softwares\Keil_v5\ARM\ARMCC\Bin\..\lib\armlib\c_w.l(libinit2.o)(.ARM.Collect$$libinit$$00000019))

<P><STRONG><a name="[32e]"></a>__rt_lib_init_signal_1</STRONG> (Thumb, 0 bytes, Stack size unknown bytes, F:\install\softwares\Keil_v5\ARM\ARMCC\Bin\..\lib\armlib\c_w.l(libinit2.o)(.ARM.Collect$$libinit$$0000001D))

<P><STRONG><a name="[12f]"></a>__rt_lib_init_stdio_2</STRONG> (Thumb, 0 bytes, Stack size unknown bytes, F:\install\softwares\Keil_v5\ARM\ARMCC\Bin\..\lib\armlib\c_w.l(libinit2.o)(.ARM.Collect$$libinit$$00000024))
<BR><BR>[Stack]<UL><LI>Max Depth = 480 + Unknown Stack Size
<LI>Call Chain = __rt_lib_init_stdio_2 &rArr; _initio &rArr; freopen &rArr; _freopen_locked &rArr; _sys_open &rArr; mbed::FilePath::FilePath(const char*) &rArr; mbed::FileBase::lookup(const char*, unsigned) &rArr; SingletonPtr&lang;rtos::Mutex&rang;::operator -&rang;() &rArr; SingletonPtr&lang;rtos::Mutex&rang;::get() &rArr; rtos::Mutex::Mutex() &rArr; rtos::Mutex::constructor(const char*) &rArr; mbed_assert_internal &rArr; mbed_die &rArr; wait_ms &rArr; wait_us &rArr; ticker_read &rArr; ticker_read_us &rArr;  core_util_critical_section_exit (Cycle)
</UL>
<BR>[Calls]<UL><LI><a href="#[130]">&gt;&gt;</a>&nbsp;&nbsp;&nbsp;_initio
</UL>

<P><STRONG><a name="[32f]"></a>__rt_lib_init_alloca_1</STRONG> (Thumb, 0 bytes, Stack size unknown bytes, F:\install\softwares\Keil_v5\ARM\ARMCC\Bin\..\lib\armlib\c_w.l(libinit2.o)(.ARM.Collect$$libinit$$0000002E))

<P><STRONG><a name="[330]"></a>__rt_lib_init_argv_1</STRONG> (Thumb, 0 bytes, Stack size unknown bytes, F:\install\softwares\Keil_v5\ARM\ARMCC\Bin\..\lib\armlib\c_w.l(libinit2.o)(.ARM.Collect$$libinit$$0000002C))

<P><STRONG><a name="[131]"></a>__rt_lib_init_cpp_2</STRONG> (Thumb, 0 bytes, Stack size unknown bytes, F:\install\softwares\Keil_v5\ARM\ARMCC\Bin\..\lib\armlib\c_w.l(libinit2.o)(.ARM.Collect$$libinit$$00000031))
<BR><BR>[Stack]<UL><LI>Max Depth = 16 + Unknown Stack Size
<LI>Call Chain = __rt_lib_init_cpp_2 &rArr; __cpp_initialize__aeabi_
</UL>
<BR>[Calls]<UL><LI><a href="#[100]">&gt;&gt;</a>&nbsp;&nbsp;&nbsp;__cpp_initialize__aeabi_
</UL>

<P><STRONG><a name="[331]"></a>__rt_lib_init_exceptions_1</STRONG> (Thumb, 0 bytes, Stack size unknown bytes, F:\install\softwares\Keil_v5\ARM\ARMCC\Bin\..\lib\armlib\c_w.l(libinit2.o)(.ARM.Collect$$libinit$$00000030))

<P><STRONG><a name="[332]"></a>__rt_lib_init_stdio_1</STRONG> (Thumb, 0 bytes, Stack size unknown bytes, F:\install\softwares\Keil_v5\ARM\ARMCC\Bin\..\lib\armlib\c_w.l(libinit2.o)(.ARM.Collect$$libinit$$00000025))

<P><STRONG><a name="[333]"></a>__rt_lib_init_cpp_1</STRONG> (Thumb, 0 bytes, Stack size unknown bytes, F:\install\softwares\Keil_v5\ARM\ARMCC\Bin\..\lib\armlib\c_w.l(libinit2.o)(.ARM.Collect$$libinit$$00000032))

<P><STRONG><a name="[334]"></a>__rt_lib_init_return</STRONG> (Thumb, 0 bytes, Stack size unknown bytes, F:\install\softwares\Keil_v5\ARM\ARMCC\Bin\..\lib\armlib\c_w.l(libinit2.o)(.ARM.Collect$$libinit$$00000033))

<P><STRONG><a name="[335]"></a>__asm___13_rtx_evflags_c_736f7bde__atomic_wr8</STRONG> (Thumb, 16 bytes, Stack size 0 bytes, .\build\rtx_evflags.o(.emb_text), UNUSED)

<P><STRONG><a name="[336]"></a>__rt_lib_shutdown_heap_2</STRONG> (Thumb, 0 bytes, Stack size 0 bytes, F:\install\softwares\Keil_v5\ARM\ARMCC\Bin\..\lib\armlib\c_w.l(libshutdown2.o)(.ARM.Collect$$libshutdown$$0000000F))

<P><STRONG><a name="[337]"></a>__rt_lib_shutdown_stdio_2</STRONG> (Thumb, 0 bytes, Stack size 0 bytes, F:\install\softwares\Keil_v5\ARM\ARMCC\Bin\..\lib\armlib\c_w.l(libshutdown2.o)(.ARM.Collect$$libshutdown$$00000004))

<P><STRONG><a name="[1be]"></a>__asm___13_rtx_evflags_c_736f7bde__atomic_set32</STRONG> (Thumb, 20 bytes, Stack size 0 bytes, .\build\rtx_evflags.o(.emb_text))
<BR><BR>[Called By]<UL><LI><a href="#[1bd]">&gt;&gt;</a>&nbsp;&nbsp;&nbsp;EventFlagsSet
</UL>

<P><STRONG><a name="[338]"></a>__asm___13_rtx_evflags_c_736f7bde__atomic_clr32</STRONG> (Thumb, 22 bytes, Stack size 0 bytes, .\build\rtx_evflags.o(.emb_text), UNUSED)

<P><STRONG><a name="[1bb]"></a>__asm___13_rtx_evflags_c_736f7bde__atomic_chk32_all</STRONG> (Thumb, 38 bytes, Stack size 0 bytes, .\build\rtx_evflags.o(.emb_text))
<BR><BR>[Called By]<UL><LI><a href="#[1ba]">&gt;&gt;</a>&nbsp;&nbsp;&nbsp;EventFlagsCheck
</UL>

<P><STRONG><a name="[1bc]"></a>__asm___13_rtx_evflags_c_736f7bde__atomic_chk32_any</STRONG> (Thumb, 34 bytes, Stack size 0 bytes, .\build\rtx_evflags.o(.emb_text))
<BR><BR>[Called By]<UL><LI><a href="#[1ba]">&gt;&gt;</a>&nbsp;&nbsp;&nbsp;EventFlagsCheck
</UL>

<P><STRONG><a name="[339]"></a>__asm___13_rtx_evflags_c_736f7bde__atomic_inc32</STRONG> (Thumb, 18 bytes, Stack size 0 bytes, .\build\rtx_evflags.o(.emb_text), UNUSED)

<P><STRONG><a name="[33a]"></a>__asm___13_rtx_evflags_c_736f7bde__atomic_inc32_lt</STRONG> (Thumb, 30 bytes, Stack size 0 bytes, .\build\rtx_evflags.o(.emb_text), UNUSED)

<P><STRONG><a name="[33b]"></a>__asm___13_rtx_evflags_c_736f7bde__atomic_inc16_lt</STRONG> (Thumb, 30 bytes, Stack size 0 bytes, .\build\rtx_evflags.o(.emb_text), UNUSED)

<P><STRONG><a name="[33c]"></a>__asm___13_rtx_evflags_c_736f7bde__atomic_inc16_lim</STRONG> (Thumb, 26 bytes, Stack size 0 bytes, .\build\rtx_evflags.o(.emb_text), UNUSED)

<P><STRONG><a name="[33d]"></a>__asm___13_rtx_evflags_c_736f7bde__atomic_dec32_nz</STRONG> (Thumb, 26 bytes, Stack size 0 bytes, .\build\rtx_evflags.o(.emb_text), UNUSED)

<P><STRONG><a name="[33e]"></a>__asm___13_rtx_evflags_c_736f7bde__atomic_dec16_nz</STRONG> (Thumb, 26 bytes, Stack size 0 bytes, .\build\rtx_evflags.o(.emb_text), UNUSED)

<P><STRONG><a name="[33f]"></a>__asm___13_rtx_evflags_c_736f7bde__atomic_link_get</STRONG> (Thumb, 26 bytes, Stack size 0 bytes, .\build\rtx_evflags.o(.emb_text), UNUSED)

<P><STRONG><a name="[132]"></a>__asm___13_rtx_evflags_c_736f7bde__atomic_link_put</STRONG> (Thumb, 28 bytes, Stack size 0 bytes, .\build\rtx_evflags.o(.emb_text), UNUSED)
<BR><BR>[Calls]<UL><LI><a href="#[132]">&gt;&gt;</a>&nbsp;&nbsp;&nbsp;__asm___13_rtx_evflags_c_736f7bde__atomic_link_put
</UL>
<BR>[Called By]<UL><LI><a href="#[132]">&gt;&gt;</a>&nbsp;&nbsp;&nbsp;__asm___13_rtx_evflags_c_736f7bde__atomic_link_put
</UL>

<P><STRONG><a name="[340]"></a>__asm___13_rtx_mempool_c_7914b4c7__atomic_wr8</STRONG> (Thumb, 16 bytes, Stack size 0 bytes, .\build\rtx_mempool.o(.emb_text), UNUSED)

<P><STRONG><a name="[341]"></a>__asm___13_rtx_mempool_c_7914b4c7__atomic_set32</STRONG> (Thumb, 20 bytes, Stack size 0 bytes, .\build\rtx_mempool.o(.emb_text), UNUSED)

<P><STRONG><a name="[342]"></a>__asm___13_rtx_mempool_c_7914b4c7__atomic_clr32</STRONG> (Thumb, 22 bytes, Stack size 0 bytes, .\build\rtx_mempool.o(.emb_text), UNUSED)

<P><STRONG><a name="[343]"></a>__asm___13_rtx_mempool_c_7914b4c7__atomic_chk32_all</STRONG> (Thumb, 38 bytes, Stack size 0 bytes, .\build\rtx_mempool.o(.emb_text), UNUSED)

<P><STRONG><a name="[344]"></a>__asm___13_rtx_mempool_c_7914b4c7__atomic_chk32_any</STRONG> (Thumb, 34 bytes, Stack size 0 bytes, .\build\rtx_mempool.o(.emb_text), UNUSED)

<P><STRONG><a name="[345]"></a>__asm___13_rtx_mempool_c_7914b4c7__atomic_inc32</STRONG> (Thumb, 18 bytes, Stack size 0 bytes, .\build\rtx_mempool.o(.emb_text), UNUSED)

<P><STRONG><a name="[2be]"></a>__asm___13_rtx_mempool_c_7914b4c7__atomic_inc32_lt</STRONG> (Thumb, 30 bytes, Stack size 0 bytes, .\build\rtx_mempool.o(.emb_text))
<BR><BR>[Called By]<UL><LI><a href="#[282]">&gt;&gt;</a>&nbsp;&nbsp;&nbsp;osRtxMemoryPoolAlloc
</UL>

<P><STRONG><a name="[346]"></a>__asm___13_rtx_mempool_c_7914b4c7__atomic_inc16_lt</STRONG> (Thumb, 30 bytes, Stack size 0 bytes, .\build\rtx_mempool.o(.emb_text), UNUSED)

<P><STRONG><a name="[347]"></a>__asm___13_rtx_mempool_c_7914b4c7__atomic_inc16_lim</STRONG> (Thumb, 26 bytes, Stack size 0 bytes, .\build\rtx_mempool.o(.emb_text), UNUSED)

<P><STRONG><a name="[2c2]"></a>__asm___13_rtx_mempool_c_7914b4c7__atomic_dec32_nz</STRONG> (Thumb, 26 bytes, Stack size 0 bytes, .\build\rtx_mempool.o(.emb_text))
<BR><BR>[Called By]<UL><LI><a href="#[2c0]">&gt;&gt;</a>&nbsp;&nbsp;&nbsp;osRtxMemoryPoolFree
</UL>

<P><STRONG><a name="[348]"></a>__asm___13_rtx_mempool_c_7914b4c7__atomic_dec16_nz</STRONG> (Thumb, 26 bytes, Stack size 0 bytes, .\build\rtx_mempool.o(.emb_text), UNUSED)

<P><STRONG><a name="[2bf]"></a>__asm___13_rtx_mempool_c_7914b4c7__atomic_link_get</STRONG> (Thumb, 26 bytes, Stack size 0 bytes, .\build\rtx_mempool.o(.emb_text))
<BR><BR>[Called By]<UL><LI><a href="#[282]">&gt;&gt;</a>&nbsp;&nbsp;&nbsp;osRtxMemoryPoolAlloc
</UL>

<P><STRONG><a name="[133]"></a>__asm___13_rtx_mempool_c_7914b4c7__atomic_link_put</STRONG> (Thumb, 28 bytes, Stack size 0 bytes, .\build\rtx_mempool.o(.emb_text))
<BR><BR>[Calls]<UL><LI><a href="#[133]">&gt;&gt;</a>&nbsp;&nbsp;&nbsp;__asm___13_rtx_mempool_c_7914b4c7__atomic_link_put
</UL>
<BR>[Called By]<UL><LI><a href="#[2c0]">&gt;&gt;</a>&nbsp;&nbsp;&nbsp;osRtxMemoryPoolFree
<LI><a href="#[133]">&gt;&gt;</a>&nbsp;&nbsp;&nbsp;__asm___13_rtx_mempool_c_7914b4c7__atomic_link_put
</UL>

<P><STRONG><a name="[1d9]"></a>__asm___14_rtx_msgqueue_c_3fd3b50e__atomic_wr8</STRONG> (Thumb, 16 bytes, Stack size 0 bytes, .\build\rtx_msgqueue.o(.emb_text))
<BR><BR>[Called By]<UL><LI><a href="#[1d7]">&gt;&gt;</a>&nbsp;&nbsp;&nbsp;MessageQueueGet
</UL>

<P><STRONG><a name="[349]"></a>__asm___14_rtx_msgqueue_c_3fd3b50e__atomic_set32</STRONG> (Thumb, 20 bytes, Stack size 0 bytes, .\build\rtx_msgqueue.o(.emb_text), UNUSED)

<P><STRONG><a name="[34a]"></a>__asm___14_rtx_msgqueue_c_3fd3b50e__atomic_clr32</STRONG> (Thumb, 22 bytes, Stack size 0 bytes, .\build\rtx_msgqueue.o(.emb_text), UNUSED)

<P><STRONG><a name="[34b]"></a>__asm___14_rtx_msgqueue_c_3fd3b50e__atomic_chk32_all</STRONG> (Thumb, 38 bytes, Stack size 0 bytes, .\build\rtx_msgqueue.o(.emb_text), UNUSED)

<P><STRONG><a name="[34c]"></a>__asm___14_rtx_msgqueue_c_3fd3b50e__atomic_chk32_any</STRONG> (Thumb, 34 bytes, Stack size 0 bytes, .\build\rtx_msgqueue.o(.emb_text), UNUSED)

<P><STRONG><a name="[1db]"></a>__asm___14_rtx_msgqueue_c_3fd3b50e__atomic_inc32</STRONG> (Thumb, 18 bytes, Stack size 0 bytes, .\build\rtx_msgqueue.o(.emb_text))
<BR><BR>[Called By]<UL><LI><a href="#[1da]">&gt;&gt;</a>&nbsp;&nbsp;&nbsp;MessageQueuePut
</UL>

<P><STRONG><a name="[34d]"></a>__asm___14_rtx_msgqueue_c_3fd3b50e__atomic_inc32_lt</STRONG> (Thumb, 30 bytes, Stack size 0 bytes, .\build\rtx_msgqueue.o(.emb_text), UNUSED)

<P><STRONG><a name="[34e]"></a>__asm___14_rtx_msgqueue_c_3fd3b50e__atomic_inc16_lt</STRONG> (Thumb, 30 bytes, Stack size 0 bytes, .\build\rtx_msgqueue.o(.emb_text), UNUSED)

<P><STRONG><a name="[34f]"></a>__asm___14_rtx_msgqueue_c_3fd3b50e__atomic_inc16_lim</STRONG> (Thumb, 26 bytes, Stack size 0 bytes, .\build\rtx_msgqueue.o(.emb_text), UNUSED)

<P><STRONG><a name="[1d8]"></a>__asm___14_rtx_msgqueue_c_3fd3b50e__atomic_dec32_nz</STRONG> (Thumb, 26 bytes, Stack size 0 bytes, .\build\rtx_msgqueue.o(.emb_text))
<BR><BR>[Called By]<UL><LI><a href="#[1d7]">&gt;&gt;</a>&nbsp;&nbsp;&nbsp;MessageQueueGet
</UL>

<P><STRONG><a name="[350]"></a>__asm___14_rtx_msgqueue_c_3fd3b50e__atomic_dec16_nz</STRONG> (Thumb, 26 bytes, Stack size 0 bytes, .\build\rtx_msgqueue.o(.emb_text), UNUSED)

<P><STRONG><a name="[351]"></a>__asm___14_rtx_msgqueue_c_3fd3b50e__atomic_link_get</STRONG> (Thumb, 26 bytes, Stack size 0 bytes, .\build\rtx_msgqueue.o(.emb_text), UNUSED)

<P><STRONG><a name="[134]"></a>__asm___14_rtx_msgqueue_c_3fd3b50e__atomic_link_put</STRONG> (Thumb, 28 bytes, Stack size 0 bytes, .\build\rtx_msgqueue.o(.emb_text), UNUSED)
<BR><BR>[Calls]<UL><LI><a href="#[134]">&gt;&gt;</a>&nbsp;&nbsp;&nbsp;__asm___14_rtx_msgqueue_c_3fd3b50e__atomic_link_put
</UL>
<BR>[Called By]<UL><LI><a href="#[134]">&gt;&gt;</a>&nbsp;&nbsp;&nbsp;__asm___14_rtx_msgqueue_c_3fd3b50e__atomic_link_put
</UL>

<P><STRONG><a name="[352]"></a>__asm___12_rtx_system_c_024f2f18__atomic_wr8</STRONG> (Thumb, 16 bytes, Stack size 0 bytes, .\build\rtx_system.o(.emb_text), UNUSED)

<P><STRONG><a name="[353]"></a>__asm___12_rtx_system_c_024f2f18__atomic_set32</STRONG> (Thumb, 20 bytes, Stack size 0 bytes, .\build\rtx_system.o(.emb_text), UNUSED)

<P><STRONG><a name="[354]"></a>__asm___12_rtx_system_c_024f2f18__atomic_clr32</STRONG> (Thumb, 22 bytes, Stack size 0 bytes, .\build\rtx_system.o(.emb_text), UNUSED)

<P><STRONG><a name="[355]"></a>__asm___12_rtx_system_c_024f2f18__atomic_chk32_all</STRONG> (Thumb, 38 bytes, Stack size 0 bytes, .\build\rtx_system.o(.emb_text), UNUSED)

<P><STRONG><a name="[356]"></a>__asm___12_rtx_system_c_024f2f18__atomic_chk32_any</STRONG> (Thumb, 34 bytes, Stack size 0 bytes, .\build\rtx_system.o(.emb_text), UNUSED)

<P><STRONG><a name="[357]"></a>__asm___12_rtx_system_c_024f2f18__atomic_inc32</STRONG> (Thumb, 18 bytes, Stack size 0 bytes, .\build\rtx_system.o(.emb_text), UNUSED)

<P><STRONG><a name="[358]"></a>__asm___12_rtx_system_c_024f2f18__atomic_inc32_lt</STRONG> (Thumb, 30 bytes, Stack size 0 bytes, .\build\rtx_system.o(.emb_text), UNUSED)

<P><STRONG><a name="[289]"></a>__asm___12_rtx_system_c_024f2f18__atomic_inc16_lt</STRONG> (Thumb, 30 bytes, Stack size 0 bytes, .\build\rtx_system.o(.emb_text))
<BR><BR>[Called By]<UL><LI><a href="#[288]">&gt;&gt;</a>&nbsp;&nbsp;&nbsp;isr_queue_put
</UL>

<P><STRONG><a name="[287]"></a>__asm___12_rtx_system_c_024f2f18__atomic_inc16_lim</STRONG> (Thumb, 26 bytes, Stack size 0 bytes, .\build\rtx_system.o(.emb_text))
<BR><BR>[Called By]<UL><LI><a href="#[288]">&gt;&gt;</a>&nbsp;&nbsp;&nbsp;isr_queue_put
<LI><a href="#[285]">&gt;&gt;</a>&nbsp;&nbsp;&nbsp;isr_queue_get
</UL>

<P><STRONG><a name="[359]"></a>__asm___12_rtx_system_c_024f2f18__atomic_dec32_nz</STRONG> (Thumb, 26 bytes, Stack size 0 bytes, .\build\rtx_system.o(.emb_text), UNUSED)

<P><STRONG><a name="[286]"></a>__asm___12_rtx_system_c_024f2f18__atomic_dec16_nz</STRONG> (Thumb, 26 bytes, Stack size 0 bytes, .\build\rtx_system.o(.emb_text))
<BR><BR>[Called By]<UL><LI><a href="#[285]">&gt;&gt;</a>&nbsp;&nbsp;&nbsp;isr_queue_get
</UL>

<P><STRONG><a name="[35a]"></a>__asm___12_rtx_system_c_024f2f18__atomic_link_get</STRONG> (Thumb, 26 bytes, Stack size 0 bytes, .\build\rtx_system.o(.emb_text), UNUSED)

<P><STRONG><a name="[135]"></a>__asm___12_rtx_system_c_024f2f18__atomic_link_put</STRONG> (Thumb, 28 bytes, Stack size 0 bytes, .\build\rtx_system.o(.emb_text), UNUSED)
<BR><BR>[Calls]<UL><LI><a href="#[135]">&gt;&gt;</a>&nbsp;&nbsp;&nbsp;__asm___12_rtx_system_c_024f2f18__atomic_link_put
</UL>
<BR>[Called By]<UL><LI><a href="#[135]">&gt;&gt;</a>&nbsp;&nbsp;&nbsp;__asm___12_rtx_system_c_024f2f18__atomic_link_put
</UL>

<P><STRONG><a name="[35b]"></a>__asm___12_rtx_thread_c_add96be5__atomic_wr8</STRONG> (Thumb, 16 bytes, Stack size 0 bytes, .\build\rtx_thread.o(.emb_text), UNUSED)

<P><STRONG><a name="[35c]"></a>__asm___12_rtx_thread_c_add96be5__atomic_set32</STRONG> (Thumb, 20 bytes, Stack size 0 bytes, .\build\rtx_thread.o(.emb_text), UNUSED)

<P><STRONG><a name="[35d]"></a>__asm___12_rtx_thread_c_add96be5__atomic_clr32</STRONG> (Thumb, 22 bytes, Stack size 0 bytes, .\build\rtx_thread.o(.emb_text), UNUSED)

<P><STRONG><a name="[1e0]"></a>__asm___12_rtx_thread_c_add96be5__atomic_chk32_all</STRONG> (Thumb, 38 bytes, Stack size 0 bytes, .\build\rtx_thread.o(.emb_text))
<BR><BR>[Called By]<UL><LI><a href="#[1df]">&gt;&gt;</a>&nbsp;&nbsp;&nbsp;ThreadFlagsCheck
</UL>

<P><STRONG><a name="[1e1]"></a>__asm___12_rtx_thread_c_add96be5__atomic_chk32_any</STRONG> (Thumb, 34 bytes, Stack size 0 bytes, .\build\rtx_thread.o(.emb_text))
<BR><BR>[Called By]<UL><LI><a href="#[1df]">&gt;&gt;</a>&nbsp;&nbsp;&nbsp;ThreadFlagsCheck
</UL>

<P><STRONG><a name="[35e]"></a>__asm___12_rtx_thread_c_add96be5__atomic_inc32</STRONG> (Thumb, 18 bytes, Stack size 0 bytes, .\build\rtx_thread.o(.emb_text), UNUSED)

<P><STRONG><a name="[35f]"></a>__asm___12_rtx_thread_c_add96be5__atomic_inc32_lt</STRONG> (Thumb, 30 bytes, Stack size 0 bytes, .\build\rtx_thread.o(.emb_text), UNUSED)

<P><STRONG><a name="[360]"></a>__asm___12_rtx_thread_c_add96be5__atomic_inc16_lt</STRONG> (Thumb, 30 bytes, Stack size 0 bytes, .\build\rtx_thread.o(.emb_text), UNUSED)

<P><STRONG><a name="[361]"></a>__asm___12_rtx_thread_c_add96be5__atomic_inc16_lim</STRONG> (Thumb, 26 bytes, Stack size 0 bytes, .\build\rtx_thread.o(.emb_text), UNUSED)

<P><STRONG><a name="[362]"></a>__asm___12_rtx_thread_c_add96be5__atomic_dec32_nz</STRONG> (Thumb, 26 bytes, Stack size 0 bytes, .\build\rtx_thread.o(.emb_text), UNUSED)

<P><STRONG><a name="[363]"></a>__asm___12_rtx_thread_c_add96be5__atomic_dec16_nz</STRONG> (Thumb, 26 bytes, Stack size 0 bytes, .\build\rtx_thread.o(.emb_text), UNUSED)

<P><STRONG><a name="[364]"></a>__asm___12_rtx_thread_c_add96be5__atomic_link_get</STRONG> (Thumb, 26 bytes, Stack size 0 bytes, .\build\rtx_thread.o(.emb_text), UNUSED)

<P><STRONG><a name="[136]"></a>__asm___12_rtx_thread_c_add96be5__atomic_link_put</STRONG> (Thumb, 28 bytes, Stack size 0 bytes, .\build\rtx_thread.o(.emb_text), UNUSED)
<BR><BR>[Calls]<UL><LI><a href="#[136]">&gt;&gt;</a>&nbsp;&nbsp;&nbsp;__asm___12_rtx_thread_c_add96be5__atomic_link_put
</UL>
<BR>[Called By]<UL><LI><a href="#[136]">&gt;&gt;</a>&nbsp;&nbsp;&nbsp;__asm___12_rtx_thread_c_add96be5__atomic_link_put
</UL>

<P><STRONG><a name="[16]"></a>SVC_Handler</STRONG> (Thumb, 140 bytes, Stack size 0 bytes, .\build\irq_cm4f.o(.text))
<BR>[Address Reference Count : 1]<UL><LI> startup_mk64f12.o(RESET)
</UL>
<P><STRONG><a name="[365]"></a>_maybe_terminate_alloc</STRONG> (Thumb, 0 bytes, Stack size 0 bytes, F:\install\softwares\Keil_v5\ARM\ARMCC\Bin\..\lib\armlib\c_w.l(maybetermalloc2.o)(.emb_text), UNUSED)

<P><STRONG><a name="[18]"></a>PendSV_Handler</STRONG> (Thumb, 16 bytes, Stack size 0 bytes, .\build\irq_cm4f.o(.text))
<BR><BR>[Stack]<UL><LI>Max Depth = 48<LI>Call Chain = PendSV_Handler &rArr; osRtxPendSV_Handler &rArr; osRtxThreadDispatch &rArr; osRtxThreadSwitch &rArr; osRtxThreadStackCheck &rArr; osRtxErrorNotify &rArr;  error (Cycle)
</UL>
<BR>[Calls]<UL><LI><a href="#[137]">&gt;&gt;</a>&nbsp;&nbsp;&nbsp;osRtxPendSV_Handler
</UL>
[...]
<LI><a href="#[259]">&gt;&gt;</a>&nbsp;&nbsp;&nbsp;osKernelInitialize
<LI><a href="#[298]">&gt;&gt;</a>&nbsp;&nbsp;&nbsp;osKernelGetState
</UL>

<P><STRONG><a name="[299]"></a>__get_IPSR</STRONG> (Thumb, 6 bytes, Stack size 0 bytes, .\build\rtx_kernel.o(i.__get_IPSR))
<BR><BR>[Called By]<UL><LI><a href="#[28d]">&gt;&gt;</a>&nbsp;&nbsp;&nbsp;osKernelStart
<LI><a href="#[259]">&gt;&gt;</a>&nbsp;&nbsp;&nbsp;osKernelInitialize
<LI><a href="#[298]">&gt;&gt;</a>&nbsp;&nbsp;&nbsp;osKernelGetState
</UL>

<P><STRONG><a name="[29a]"></a>__get_PRIMASK</STRONG> (Thumb, 6 bytes, Stack size 0 bytes, .\build\rtx_kernel.o(i.__get_PRIMASK))
<BR><BR>[Called By]<UL><LI><a href="#[28d]">&gt;&gt;</a>&nbsp;&nbsp;&nbsp;osKernelStart
<LI><a href="#[259]">&gt;&gt;</a>&nbsp;&nbsp;&nbsp;osKernelInitialize
<LI><a href="#[298]">&gt;&gt;</a>&nbsp;&nbsp;&nbsp;osKernelGetState
</UL>

<P><STRONG><a name="[251]"></a>os_kernel_is_active</STRONG> (Thumb, 32 bytes, Stack size 8 bytes, .\build\rtx_lib.o(i.os_kernel_is_active))
<BR><BR>[Stack]<UL><LI>Max Depth = 24<LI>Call Chain = os_kernel_is_active &rArr; osKernelGetState &rArr; svcRtxKernelGetState
</UL>
<BR>[Calls]<UL><LI><a href="#[298]">&gt;&gt;</a>&nbsp;&nbsp;&nbsp;osKernelGetState
</UL>
<BR>[Called By]<UL><LI><a href="#[ff]">&gt;&gt;</a>&nbsp;&nbsp;&nbsp;_mutex_release
<LI><a href="#[fe]">&gt;&gt;</a>&nbsp;&nbsp;&nbsp;_mutex_acquire
<LI><a href="#[13b]">&gt;&gt;</a>&nbsp;&nbsp;&nbsp;__user_perthread_libspace
</UL>

<P><STRONG><a name="[1d7]"></a>MessageQueueGet</STRONG> (Thumb, 54 bytes, Stack size 24 bytes, .\build\rtx_msgqueue.o(i.MessageQueueGet))
<BR><BR>[Stack]<UL><LI>Max Depth = 24<LI>Call Chain = MessageQueueGet
</UL>
<BR>[Calls]<UL><LI><a href="#[1d8]">&gt;&gt;</a>&nbsp;&nbsp;&nbsp;__asm___14_rtx_msgqueue_c_3fd3b50e__atomic_dec32_nz
<LI><a href="#[1d9]">&gt;&gt;</a>&nbsp;&nbsp;&nbsp;__asm___14_rtx_msgqueue_c_3fd3b50e__atomic_wr8
</UL>
<BR>[Called By]<UL><LI><a href="#[b7]">&gt;&gt;</a>&nbsp;&nbsp;&nbsp;svcRtxMessageQueueGet
<LI><a href="#[27b]">&gt;&gt;</a>&nbsp;&nbsp;&nbsp;isrRtxMessageQueueGet
</UL>

<P><STRONG><a name="[1da]"></a>MessageQueuePut</STRONG> (Thumb, 76 bytes, Stack size 24 bytes, .\build\rtx_msgqueue.o(i.MessageQueuePut))
<BR><BR>[Stack]<UL><LI>Max Depth = 24<LI>Call Chain = MessageQueuePut
</UL>
<BR>[Calls]<UL><LI><a href="#[1db]">&gt;&gt;</a>&nbsp;&nbsp;&nbsp;__asm___14_rtx_msgqueue_c_3fd3b50e__atomic_inc32
</UL>
<BR>[Called By]<UL><LI><a href="#[b9]">&gt;&gt;</a>&nbsp;&nbsp;&nbsp;svcRtxMessageQueuePut
<LI><a href="#[b7]">&gt;&gt;</a>&nbsp;&nbsp;&nbsp;svcRtxMessageQueueGet
<LI><a href="#[cc]">&gt;&gt;</a>&nbsp;&nbsp;&nbsp;osRtxMessageQueuePostProcess
</UL>

<P><STRONG><a name="[2c5]"></a>MessageQueueRemove</STRONG> (Thumb, 34 bytes, Stack size 0 bytes, .\build\rtx_msgqueue.o(i.MessageQueueRemove))
<BR><BR>[Called By]<UL><LI><a href="#[b7]">&gt;&gt;</a>&nbsp;&nbsp;&nbsp;svcRtxMessageQueueGet
<LI><a href="#[cc]">&gt;&gt;</a>&nbsp;&nbsp;&nbsp;osRtxMessageQueuePostProcess
</UL>

<P><STRONG><a name="[2a5]"></a>__get_BASEPRI</STRONG> (Thumb, 6 bytes, Stack size 0 bytes, .\build\rtx_msgqueue.o(i.__get_BASEPRI))
<BR><BR>[Called By]<UL><LI><a href="#[2a8]">&gt;&gt;</a>&nbsp;&nbsp;&nbsp;osMessageQueuePut
<LI><a href="#[2a6]">&gt;&gt;</a>&nbsp;&nbsp;&nbsp;osMessageQueueNew
<LI><a href="#[2a1]">&gt;&gt;</a>&nbsp;&nbsp;&nbsp;osMessageQueueGet
</UL>

<P><STRONG><a name="[2a3]"></a>__get_IPSR</STRONG> (Thumb, 6 bytes, Stack size 0 bytes, .\build\rtx_msgqueue.o(i.__get_IPSR))
<BR><BR>[Called By]<UL><LI><a href="#[2a8]">&gt;&gt;</a>&nbsp;&nbsp;&nbsp;osMessageQueuePut
<LI><a href="#[2a6]">&gt;&gt;</a>&nbsp;&nbsp;&nbsp;osMessageQueueNew
<LI><a href="#[2a1]">&gt;&gt;</a>&nbsp;&nbsp;&nbsp;osMessageQueueGet
</UL>

<P><STRONG><a name="[2a4]"></a>__get_PRIMASK</STRONG> (Thumb, 6 bytes, Stack size 0 bytes, .\build\rtx_msgqueue.o(i.__get_PRIMASK))
<BR><BR>[Called By]<UL><LI><a href="#[2a8]">&gt;&gt;</a>&nbsp;&nbsp;&nbsp;osMessageQueuePut
<LI><a href="#[2a6]">&gt;&gt;</a>&nbsp;&nbsp;&nbsp;osMessageQueueNew
<LI><a href="#[2a1]">&gt;&gt;</a>&nbsp;&nbsp;&nbsp;osMessageQueueGet
</UL>

<P><STRONG><a name="[27b]"></a>isrRtxMessageQueueGet</STRONG> (Thumb, 144 bytes, Stack size 32 bytes, .\build\rtx_msgqueue.o(i.isrRtxMessageQueueGet))
<BR><BR>[Stack]<UL><LI>Max Depth = 64<LI>Call Chain = isrRtxMessageQueueGet &rArr; osRtxPostProcess &rArr; isr_queue_put
</UL>
<BR>[Calls]<UL><LI><a href="#[27f]">&gt;&gt;</a>&nbsp;&nbsp;&nbsp;osRtxPostProcess
<LI><a href="#[1d7]">&gt;&gt;</a>&nbsp;&nbsp;&nbsp;MessageQueueGet
<LI><a href="#[27e]">&gt;&gt;</a>&nbsp;&nbsp;&nbsp;EvrRtxMessageQueueRetrieved
<LI><a href="#[280]">&gt;&gt;</a>&nbsp;&nbsp;&nbsp;EvrRtxMessageQueueNotRetrieved
<LI><a href="#[27c]">&gt;&gt;</a>&nbsp;&nbsp;&nbsp;EvrRtxMessageQueueError
<LI><a href="#[27d]">&gt;&gt;</a>&nbsp;&nbsp;&nbsp;__aeabi_memcpy
</UL>
<BR>[Called By]<UL><LI><a href="#[2a1]">&gt;&gt;</a>&nbsp;&nbsp;&nbsp;osMessageQueueGet
</UL>

<P><STRONG><a name="[281]"></a>isrRtxMessageQueuePut</STRONG> (Thumb, 158 bytes, Stack size 32 bytes, .\build\rtx_msgqueue.o(i.isrRtxMessageQueuePut))
<BR><BR>[Stack]<UL><LI>Max Depth = 64<LI>Call Chain = isrRtxMessageQueuePut &rArr; osRtxPostProcess &rArr; isr_queue_put
</UL>
<BR>[Calls]<UL><LI><a href="#[27f]">&gt;&gt;</a>&nbsp;&nbsp;&nbsp;osRtxPostProcess
<LI><a href="#[282]">&gt;&gt;</a>&nbsp;&nbsp;&nbsp;osRtxMemoryPoolAlloc
<LI><a href="#[283]">&gt;&gt;</a>&nbsp;&nbsp;&nbsp;EvrRtxMessageQueueNotInserted
<LI><a href="#[284]">&gt;&gt;</a>&nbsp;&nbsp;&nbsp;EvrRtxMessageQueueInsertPending
<LI><a href="#[27c]">&gt;&gt;</a>&nbsp;&nbsp;&nbsp;EvrRtxMessageQueueError
<LI><a href="#[27d]">&gt;&gt;</a>&nbsp;&nbsp;&nbsp;__aeabi_memcpy
</UL>
<BR>[Called By]<UL><LI><a href="#[2a8]">&gt;&gt;</a>&nbsp;&nbsp;&nbsp;osMessageQueuePut
</UL>

<P><STRONG><a name="[2ad]"></a>__get_BASEPRI</STRONG> (Thumb, 6 bytes, Stack size 0 bytes, .\build\rtx_mutex.o(i.__get_BASEPRI))
<BR><BR>[Called By]<UL><LI><a href="#[1f9]">&gt;&gt;</a>&nbsp;&nbsp;&nbsp;osMutexRelease
<LI><a href="#[1f7]">&gt;&gt;</a>&nbsp;&nbsp;&nbsp;osMutexAcquire
<LI><a href="#[240]">&gt;&gt;</a>&nbsp;&nbsp;&nbsp;osMutexNew
<LI><a href="#[241]">&gt;&gt;</a>&nbsp;&nbsp;&nbsp;osMutexDelete
</UL>

<P><STRONG><a name="[2ab]"></a>__get_IPSR</STRONG> (Thumb, 6 bytes, Stack size 0 bytes, .\build\rtx_mutex.o(i.__get_IPSR))
<BR><BR>[Called By]<UL><LI><a href="#[1f9]">&gt;&gt;</a>&nbsp;&nbsp;&nbsp;osMutexRelease
<LI><a href="#[1f7]">&gt;&gt;</a>&nbsp;&nbsp;&nbsp;osMutexAcquire
<LI><a href="#[240]">&gt;&gt;</a>&nbsp;&nbsp;&nbsp;osMutexNew
<LI><a href="#[241]">&gt;&gt;</a>&nbsp;&nbsp;&nbsp;osMutexDelete
</UL>

<P><STRONG><a name="[2ac]"></a>__get_PRIMASK</STRONG> (Thumb, 6 bytes, Stack size 0 bytes, .\build\rtx_mutex.o(i.__get_PRIMASK))
<BR><BR>[Called By]<UL><LI><a href="#[1f9]">&gt;&gt;</a>&nbsp;&nbsp;&nbsp;osMutexRelease
<LI><a href="#[1f7]">&gt;&gt;</a>&nbsp;&nbsp;&nbsp;osMutexAcquire
<LI><a href="#[240]">&gt;&gt;</a>&nbsp;&nbsp;&nbsp;osMutexNew
<LI><a href="#[241]">&gt;&gt;</a>&nbsp;&nbsp;&nbsp;osMutexDelete
</UL>

<P><STRONG><a name="[285]"></a>isr_queue_get</STRONG> (Thumb, 44 bytes, Stack size 16 bytes, .\build\rtx_system.o(i.isr_queue_get))
<BR><BR>[Stack]<UL><LI>Max Depth = 16<LI>Call Chain = isr_queue_get
</UL>
<BR>[Calls]<UL><LI><a href="#[286]">&gt;&gt;</a>&nbsp;&nbsp;&nbsp;__asm___12_rtx_system_c_024f2f18__atomic_dec16_nz
<LI><a href="#[287]">&gt;&gt;</a>&nbsp;&nbsp;&nbsp;__asm___12_rtx_system_c_024f2f18__atomic_inc16_lim
</UL>
<BR>[Called By]<UL><LI><a href="#[137]">&gt;&gt;</a>&nbsp;&nbsp;&nbsp;osRtxPendSV_Handler
</UL>

<P><STRONG><a name="[288]"></a>isr_queue_put</STRONG> (Thumb, 56 bytes, Stack size 24 bytes, .\build\rtx_system.o(i.isr_queue_put))
<BR><BR>[Stack]<UL><LI>Max Depth = 24<LI>Call Chain = isr_queue_put
</UL>
<BR>[Calls]<UL><LI><a href="#[287]">&gt;&gt;</a>&nbsp;&nbsp;&nbsp;__asm___12_rtx_system_c_024f2f18__atomic_inc16_lim
<LI><a href="#[289]">&gt;&gt;</a>&nbsp;&nbsp;&nbsp;__asm___12_rtx_system_c_024f2f18__atomic_inc16_lt
</UL>
<BR>[Called By]<UL><LI><a href="#[27f]">&gt;&gt;</a>&nbsp;&nbsp;&nbsp;osRtxPostProcess
</UL>

<P><STRONG><a name="[1df]"></a>ThreadFlagsCheck</STRONG> (Thumb, 86 bytes, Stack size 24 bytes, .\build\rtx_thread.o(i.ThreadFlagsCheck))
<BR><BR>[Stack]<UL><LI>Max Depth = 24<LI>Call Chain = ThreadFlagsCheck
</UL>
<BR>[Calls]<UL><LI><a href="#[1e1]">&gt;&gt;</a>&nbsp;&nbsp;&nbsp;__asm___12_rtx_thread_c_add96be5__atomic_chk32_any
<LI><a href="#[1e0]">&gt;&gt;</a>&nbsp;&nbsp;&nbsp;__asm___12_rtx_thread_c_add96be5__atomic_chk32_all
</UL>
<BR>[Called By]<UL><LI><a href="#[ce]">&gt;&gt;</a>&nbsp;&nbsp;&nbsp;osRtxThreadPostProcess
</UL>

<P><STRONG><a name="[2ef]"></a>__get_BASEPRI</STRONG> (Thumb, 6 bytes, Stack size 0 bytes, .\build\rtx_thread.o(i.__get_BASEPRI))
<BR><BR>[Called By]<UL><LI><a href="#[1c0]">&gt;&gt;</a>&nbsp;&nbsp;&nbsp;osThreadGetId
<LI><a href="#[2b2]">&gt;&gt;</a>&nbsp;&nbsp;&nbsp;osThreadGetName
<LI><a href="#[2eb]">&gt;&gt;</a>&nbsp;&nbsp;&nbsp;osThreadContextNew
</UL>

<P><STRONG><a name="[2ed]"></a>__get_IPSR</STRONG> (Thumb, 6 bytes, Stack size 0 bytes, .\build\rtx_thread.o(i.__get_IPSR))
<BR><BR>[Called By]<UL><LI><a href="#[1c0]">&gt;&gt;</a>&nbsp;&nbsp;&nbsp;osThreadGetId
<LI><a href="#[2b2]">&gt;&gt;</a>&nbsp;&nbsp;&nbsp;osThreadGetName
<LI><a href="#[2eb]">&gt;&gt;</a>&nbsp;&nbsp;&nbsp;osThreadContextNew
</UL>

<P><STRONG><a name="[2ee]"></a>__get_PRIMASK</STRONG> (Thumb, 6 bytes, Stack size 0 bytes, .\build\rtx_thread.o(i.__get_PRIMASK))
<BR><BR>[Called By]<UL><LI><a href="#[1c0]">&gt;&gt;</a>&nbsp;&nbsp;&nbsp;osThreadGetId
<LI><a href="#[2b2]">&gt;&gt;</a>&nbsp;&nbsp;&nbsp;osThreadGetName
<LI><a href="#[2eb]">&gt;&gt;</a>&nbsp;&nbsp;&nbsp;osThreadContextNew
</UL>

<P><STRONG><a name="[2d9]"></a>osRtxKernelGetState</STRONG> (Thumb, 6 bytes, Stack size 0 bytes, .\build\rtx_thread.o(i.osRtxKernelGetState))
<BR><BR>[Called By]<UL><LI><a href="#[2cc]">&gt;&gt;</a>&nbsp;&nbsp;&nbsp;osRtxThreadDispatch
<LI><a href="#[2e3]">&gt;&gt;</a>&nbsp;&nbsp;&nbsp;osRtxThreadWaitEnter
<LI><a href="#[c0]">&gt;&gt;</a>&nbsp;&nbsp;&nbsp;svcRtxThreadExit
</UL>

<P><STRONG><a name="[2dd]"></a>osRtxThreadFree</STRONG> (Thumb, 92 bytes, Stack size 8 bytes, .\build\rtx_thread.o(i.osRtxThreadFree))
<BR><BR>[Stack]<UL><LI>Max Depth = 32<LI>Call Chain = osRtxThreadFree &rArr; osRtxMemoryFree
</UL>
<BR>[Calls]<UL><LI><a href="#[2c0]">&gt;&gt;</a>&nbsp;&nbsp;&nbsp;osRtxMemoryPoolFree
<LI><a href="#[2b9]">&gt;&gt;</a>&nbsp;&nbsp;&nbsp;osRtxMemoryFree
</UL>
<BR>[Called By]<UL><LI><a href="#[c0]">&gt;&gt;</a>&nbsp;&nbsp;&nbsp;svcRtxThreadExit
</UL>

<P><STRONG><a name="[2da]"></a>osRtxThreadGetRunning</STRONG> (Thumb, 6 bytes, Stack size 0 bytes, .\build\rtx_thread.o(i.osRtxThreadGetRunning))
<BR><BR>[Called By]<UL><LI><a href="#[2cc]">&gt;&gt;</a>&nbsp;&nbsp;&nbsp;osRtxThreadDispatch
<LI><a href="#[2e3]">&gt;&gt;</a>&nbsp;&nbsp;&nbsp;osRtxThreadWaitEnter
<LI><a href="#[2e1]">&gt;&gt;</a>&nbsp;&nbsp;&nbsp;osRtxThreadStackCheck
<LI><a href="#[c1]">&gt;&gt;</a>&nbsp;&nbsp;&nbsp;svcRtxThreadGetId
<LI><a href="#[c0]">&gt;&gt;</a>&nbsp;&nbsp;&nbsp;svcRtxThreadExit
</UL>

<P><STRONG><a name="[30c]"></a>osRtxThreadSetRunning</STRONG> (Thumb, 6 bytes, Stack size 0 bytes, .\build\rtx_thread.o(i.osRtxThreadSetRunning))
<BR><BR>[Called By]<UL><LI><a href="#[c0]">&gt;&gt;</a>&nbsp;&nbsp;&nbsp;svcRtxThreadExit
</UL>

<P><STRONG><a name="[2ea]"></a>TimerInsert</STRONG> (Thumb, 58 bytes, Stack size 12 bytes, .\build\rtx_timer.o(i.TimerInsert))
<BR><BR>[Stack]<UL><LI>Max Depth = 12<LI>Call Chain = TimerInsert
</UL>
<BR>[Called By]<UL><LI><a href="#[be]">&gt;&gt;</a>&nbsp;&nbsp;&nbsp;osRtxTimerTick
</UL>

<P><STRONG><a name="[2e9]"></a>TimerUnlink</STRONG> (Thumb, 18 bytes, Stack size 0 bytes, .\build\rtx_timer.o(i.TimerUnlink))
<BR><BR>[Called By]<UL><LI><a href="#[be]">&gt;&gt;</a>&nbsp;&nbsp;&nbsp;osRtxTimerTick
</UL>

<P><STRONG><a name="[311]"></a>uart_irq</STRONG> (Thumb, 70 bytes, Stack size 24 bytes, .\build\serial_api.o(i.uart_irq))
<BR><BR>[Stack]<UL><LI>Max Depth = 24<LI>Call Chain = uart_irq
</UL>
<BR>[Called By]<UL><LI><a href="#[c8]">&gt;&gt;</a>&nbsp;&nbsp;&nbsp;uart5_irq
<LI><a href="#[c7]">&gt;&gt;</a>&nbsp;&nbsp;&nbsp;uart4_irq
<LI><a href="#[c6]">&gt;&gt;</a>&nbsp;&nbsp;&nbsp;uart3_irq
<LI><a href="#[c5]">&gt;&gt;</a>&nbsp;&nbsp;&nbsp;uart2_irq
<LI><a href="#[c4]">&gt;&gt;</a>&nbsp;&nbsp;&nbsp;uart1_irq
<LI><a href="#[c3]">&gt;&gt;</a>&nbsp;&nbsp;&nbsp;uart0_irq
</UL>

<P><STRONG><a name="[a3]"></a>&lang;Func4&rang;</STRONG> (Thumb, 14 bytes, Stack size 8 bytes, .\build\serialbase.o(i.<Func4>))
<BR><BR>[Stack]<UL><LI>Max Depth = 16<LI>Call Chain = &lang;Func4&rang; &rArr; mbed::Callback&lang;void()&rang;::Callback(void(*)())
</UL>
<BR>[Calls]<UL><LI><a href="#[19c]">&gt;&gt;</a>&nbsp;&nbsp;&nbsp;mbed::Callback&lang;void()&rang;::Callback(void(*)())
</UL>
<BR>[Address Reference Count : 1]<UL><LI> serialbase.o(i._ZN4mbed10SerialBaseC1E7PinNameS1_i)
</UL>
<P><STRONG><a name="[270]"></a>SMC_SetPowerModeProtection</STRONG> (Thumb, 4 bytes, Stack size 0 bytes, .\build\sleep.o(i.SMC_SetPowerModeProtection))
<BR><BR>[Called By]<UL><LI><a href="#[272]">&gt;&gt;</a>&nbsp;&nbsp;&nbsp;hal_sleep
<LI><a href="#[26f]">&gt;&gt;</a>&nbsp;&nbsp;&nbsp;hal_deepsleep
</UL>

<P><STRONG><a name="[2f3]"></a>PIT_ClearStatusFlags</STRONG> (Thumb, 12 bytes, Stack size 0 bytes, .\build\us_ticker.o(i.PIT_ClearStatusFlags))
<BR><BR>[Called By]<UL><LI><a href="#[d4]">&gt;&gt;</a>&nbsp;&nbsp;&nbsp;us_ticker_clear_interrupt
<LI><a href="#[cf]">&gt;&gt;</a>&nbsp;&nbsp;&nbsp;pit_isr
</UL>

<P><STRONG><a name="[313]"></a>PIT_SetTimerChainMode</STRONG> (Thumb, 56 bytes, Stack size 8 bytes, .\build\us_ticker.o(i.PIT_SetTimerChainMode))
<BR><BR>[Stack]<UL><LI>Max Depth = 8<LI>Call Chain = PIT_SetTimerChainMode
</UL>
<BR>[Called By]<UL><LI><a href="#[d1]">&gt;&gt;</a>&nbsp;&nbsp;&nbsp;us_ticker_init
</UL>

<P><STRONG><a name="[312]"></a>PIT_SetTimerPeriod</STRONG> (Thumb, 12 bytes, Stack size 0 bytes, .\build\us_ticker.o(i.PIT_SetTimerPeriod))
<BR><BR>[Called By]<UL><LI><a href="#[d5]">&gt;&gt;</a>&nbsp;&nbsp;&nbsp;us_ticker_set_interrupt
<LI><a href="#[d1]">&gt;&gt;</a>&nbsp;&nbsp;&nbsp;us_ticker_init
</UL>

<P><STRONG><a name="[314]"></a>PIT_StartTimer</STRONG> (Thumb, 26 bytes, Stack size 0 bytes, .\build\us_ticker.o(i.PIT_StartTimer))
<BR><BR>[Called By]<UL><LI><a href="#[d5]">&gt;&gt;</a>&nbsp;&nbsp;&nbsp;us_ticker_set_interrupt
<LI><a href="#[d1]">&gt;&gt;</a>&nbsp;&nbsp;&nbsp;us_ticker_init
</UL>

<P><STRONG><a name="[2f4]"></a>PIT_StopTimer</STRONG> (Thumb, 26 bytes, Stack size 0 bytes, .\build\us_ticker.o(i.PIT_StopTimer))
<BR><BR>[Called By]<UL><LI><a href="#[d5]">&gt;&gt;</a>&nbsp;&nbsp;&nbsp;us_ticker_set_interrupt
<LI><a href="#[cf]">&gt;&gt;</a>&nbsp;&nbsp;&nbsp;pit_isr
</UL>

<P><STRONG><a name="[cf]"></a>pit_isr</STRONG> (Thumb, 44 bytes, Stack size 8 bytes, .\build\us_ticker.o(i.pit_isr))
<BR><BR>[Stack]<UL><LI>Max Depth = 16<LI>Call Chain = pit_isr &rArr; us_ticker_irq_handler
</UL>
<BR>[Calls]<UL><LI><a href="#[2f5]">&gt;&gt;</a>&nbsp;&nbsp;&nbsp;us_ticker_irq_handler
<LI><a href="#[2f4]">&gt;&gt;</a>&nbsp;&nbsp;&nbsp;PIT_StopTimer
<LI><a href="#[2f3]">&gt;&gt;</a>&nbsp;&nbsp;&nbsp;PIT_ClearStatusFlags
</UL>
<BR>[Address Reference Count : 1]<UL><LI> us_ticker.o(i.us_ticker_init)
</UL>
<P><STRONG><a name="[1f2]"></a>VEML6075_Read_Reg(unsigned char, unsigned char*, unsigned char)</STRONG> (Thumb, 50 bytes, Stack size 24 bytes, .\build\wio_veml6075.o(i._Z17VEML6075_Read_ReghPhh))
<BR><BR>[Stack]<UL><LI>Max Depth = 392<LI>Call Chain = VEML6075_Read_Reg(unsigned char, unsigned char*, unsigned char) &rArr; mbed::I2C::write(int, const char*, int, bool) &rArr; mbed::I2C::aquire() &rArr; i2c_frequency &rArr; CLOCK_GetFreq &rArr; CLOCK_GetFixedFreqClkFreq &rArr; CLOCK_GetOutClkFreq &rArr; CLOCK_GetFllFreq &rArr; CLOCK_GetFllRefClkFreq &rArr; CLOCK_GetFllExtRefClkFreq &rArr; CLOCK_GetMcgExtClkFreq &rArr; __aeabi_assert &rArr; __assert_puts &rArr; fflush &rArr; _do_fflush &rArr; _fflush &rArr; _writebuf &rArr; _sys_write &rArr; init_serial() &rArr;  serial_init (Cycle)
</UL>
<BR>[Calls]<UL><LI><a href="#[1fa]">&gt;&gt;</a>&nbsp;&nbsp;&nbsp;mbed::I2C::write(int, const char*, int, bool)
<LI><a href="#[1fb]">&gt;&gt;</a>&nbsp;&nbsp;&nbsp;mbed::I2C::read(int, char*, int, bool)
</UL>
<BR>[Called By]<UL><LI><a href="#[202]">&gt;&gt;</a>&nbsp;&nbsp;&nbsp;VEML6075_Read_ALL_Reg()
<LI><a href="#[1f1]">&gt;&gt;</a>&nbsp;&nbsp;&nbsp;VEML6075_Init()
</UL>

<P><STRONG><a name="[1f5]"></a>VEML6075_Write_Reg(unsigned char, unsigned char)</STRONG> (Thumb, 38 bytes, Stack size 24 bytes, .\build\wio_veml6075.o(i._Z18VEML6075_Write_Reghh))
<BR><BR>[Stack]<UL><LI>Max Depth = 392<LI>Call Chain = VEML6075_Write_Reg(unsigned char, unsigned char) &rArr; mbed::I2C::write(int, const char*, int, bool) &rArr; mbed::I2C::aquire() &rArr; i2c_frequency &rArr; CLOCK_GetFreq &rArr; CLOCK_GetFixedFreqClkFreq &rArr; CLOCK_GetOutClkFreq &rArr; CLOCK_GetFllFreq &rArr; CLOCK_GetFllRefClkFreq &rArr; CLOCK_GetFllExtRefClkFreq &rArr; CLOCK_GetMcgExtClkFreq &rArr; __aeabi_assert &rArr; __assert_puts &rArr; fflush &rArr; _do_fflush &rArr; _fflush &rArr; _writebuf &rArr; _sys_write &rArr; init_serial() &rArr;  serial_init (Cycle)
</UL>
<BR>[Calls]<UL><LI><a href="#[1fa]">&gt;&gt;</a>&nbsp;&nbsp;&nbsp;mbed::I2C::write(int, const char*, int, bool)
</UL>
<BR>[Called By]<UL><LI><a href="#[1f1]">&gt;&gt;</a>&nbsp;&nbsp;&nbsp;VEML6075_Init()
</UL>

<P><STRONG><a name="[13d]"></a>Heap1_SizeAdjust</STRONG> (Thumb, 8 bytes, Stack size 0 bytes, F:\install\softwares\Keil_v5\ARM\ARMCC\Bin\..\lib\armlib\c_w.l(h1_alloc_mt.o)(.text))
<BR><BR>[Called By]<UL><LI><a href="#[13c]">&gt;&gt;</a>&nbsp;&nbsp;&nbsp;_malloc_internal
</UL>

<P><STRONG><a name="[15f]"></a>_freopen_locked</STRONG> (Thumb, 174 bytes, Stack size 32 bytes, F:\install\softwares\Keil_v5\ARM\ARMCC\Bin\..\lib\armlib\c_w.l(fopen_locked.o)(.text))
<BR><BR>[Stack]<UL><LI>Max Depth = 448<LI>Call Chain = _freopen_locked &rArr; _sys_open &rArr; mbed::FilePath::FilePath(const char*) &rArr; mbed::FileBase::lookup(const char*, unsigned) &rArr; SingletonPtr&lang;rtos::Mutex&rang;::operator -&rang;() &rArr; SingletonPtr&lang;rtos::Mutex&rang;::get() &rArr; rtos::Mutex::Mutex() &rArr; rtos::Mutex::constructor(const char*) &rArr; mbed_assert_internal &rArr; mbed_die &rArr; wait_ms &rArr; wait_us &rArr; ticker_read &rArr; ticker_read_us &rArr;  core_util_critical_section_exit (Cycle)
</UL>
<BR>[Calls]<UL><LI><a href="#[160]">&gt;&gt;</a>&nbsp;&nbsp;&nbsp;_sys_open
<LI><a href="#[ff]">&gt;&gt;</a>&nbsp;&nbsp;&nbsp;_mutex_release
<LI><a href="#[fe]">&gt;&gt;</a>&nbsp;&nbsp;&nbsp;_mutex_acquire
<LI><a href="#[157]">&gt;&gt;</a>&nbsp;&nbsp;&nbsp;_fclose_internal
<LI><a href="#[15d]">&gt;&gt;</a>&nbsp;&nbsp;&nbsp;_fseek
</UL>
<BR>[Called By]<UL><LI><a href="#[162]">&gt;&gt;</a>&nbsp;&nbsp;&nbsp;fopen
<LI><a href="#[161]">&gt;&gt;</a>&nbsp;&nbsp;&nbsp;freopen
</UL>

<P><STRONG><a name="[170]"></a>_fp_digits</STRONG> (Thumb, 428 bytes, Stack size 96 bytes, F:\install\softwares\Keil_v5\ARM\ARMCC\Bin\..\lib\armlib\c_w.l(_printf_fp_dec.o)(.text))
<BR><BR>[Stack]<UL><LI>Max Depth = 216<LI>Call Chain = _fp_digits &rArr; _btod_etento &rArr; _btod_emul &rArr; _e2e
</UL>
<BR>[Calls]<UL><LI><a href="#[174]">&gt;&gt;</a>&nbsp;&nbsp;&nbsp;_btod_emul
<LI><a href="#[173]">&gt;&gt;</a>&nbsp;&nbsp;&nbsp;_btod_ediv
<LI><a href="#[172]">&gt;&gt;</a>&nbsp;&nbsp;&nbsp;_btod_d2e
<LI><a href="#[171]">&gt;&gt;</a>&nbsp;&nbsp;&nbsp;_btod_etento
<LI><a href="#[175]">&gt;&gt;</a>&nbsp;&nbsp;&nbsp;_ll_udiv10
</UL>
<BR>[Called By]<UL><LI><a href="#[176]">&gt;&gt;</a>&nbsp;&nbsp;&nbsp;_printf_fp_dec_real
</UL>

<P><STRONG><a name="[a1]"></a>_printf_input_char</STRONG> (Thumb, 10 bytes, Stack size 0 bytes, F:\install\softwares\Keil_v5\ARM\ARMCC\Bin\..\lib\armlib\c_w.l(_printf_char_common.o)(.text))
<BR>[Address Reference Count : 1]<UL><LI> _printf_char_common.o(.text)
</UL><P>
<H3>
Undefined Global Symbols
</H3><HR></body></html>
